Archive member included to satisfy reference by file (symbol)

C:/ST/STM32CubeIDE_1.14.1/STM32CubeIDE/plugins/com.st.stm32cube.ide.mcu.externaltools.gnu-tools-for-stm32.12.3.rel1.win32_1.0.100.202403111256/tools/bin/../lib/gcc/arm-none-eabi/12.3.1/../../../../arm-none-eabi/lib/thumb/v7e-m+fp/hard\libc_nano.a(libc_a-exit.o)
                              C:/ST/STM32CubeIDE_1.14.1/STM32CubeIDE/plugins/com.st.stm32cube.ide.mcu.externaltools.gnu-tools-for-stm32.12.3.rel1.win32_1.0.100.202403111256/tools/bin/../lib/gcc/arm-none-eabi/12.3.1/../../../../arm-none-eabi/lib/thumb/v7e-m+fp/hard/crt0.o (exit)
C:/ST/STM32CubeIDE_1.14.1/STM32CubeIDE/plugins/com.st.stm32cube.ide.mcu.externaltools.gnu-tools-for-stm32.12.3.rel1.win32_1.0.100.202403111256/tools/bin/../lib/gcc/arm-none-eabi/12.3.1/../../../../arm-none-eabi/lib/thumb/v7e-m+fp/hard\libc_nano.a(libc_a-findfp.o)
                              C:/ST/STM32CubeIDE_1.14.1/STM32CubeIDE/plugins/com.st.stm32cube.ide.mcu.externaltools.gnu-tools-for-stm32.12.3.rel1.win32_1.0.100.202403111256/tools/bin/../lib/gcc/arm-none-eabi/12.3.1/../../../../arm-none-eabi/lib/thumb/v7e-m+fp/hard\libc_nano.a(libc_a-exit.o) (__stdio_exit_handler)
C:/ST/STM32CubeIDE_1.14.1/STM32CubeIDE/plugins/com.st.stm32cube.ide.mcu.externaltools.gnu-tools-for-stm32.12.3.rel1.win32_1.0.100.202403111256/tools/bin/../lib/gcc/arm-none-eabi/12.3.1/../../../../arm-none-eabi/lib/thumb/v7e-m+fp/hard\libc_nano.a(libc_a-fwalk.o)
                              C:/ST/STM32CubeIDE_1.14.1/STM32CubeIDE/plugins/com.st.stm32cube.ide.mcu.externaltools.gnu-tools-for-stm32.12.3.rel1.win32_1.0.100.202403111256/tools/bin/../lib/gcc/arm-none-eabi/12.3.1/../../../../arm-none-eabi/lib/thumb/v7e-m+fp/hard\libc_nano.a(libc_a-findfp.o) (_fwalk_sglue)
C:/ST/STM32CubeIDE_1.14.1/STM32CubeIDE/plugins/com.st.stm32cube.ide.mcu.externaltools.gnu-tools-for-stm32.12.3.rel1.win32_1.0.100.202403111256/tools/bin/../lib/gcc/arm-none-eabi/12.3.1/../../../../arm-none-eabi/lib/thumb/v7e-m+fp/hard\libc_nano.a(libc_a-stdio.o)
                              C:/ST/STM32CubeIDE_1.14.1/STM32CubeIDE/plugins/com.st.stm32cube.ide.mcu.externaltools.gnu-tools-for-stm32.12.3.rel1.win32_1.0.100.202403111256/tools/bin/../lib/gcc/arm-none-eabi/12.3.1/../../../../arm-none-eabi/lib/thumb/v7e-m+fp/hard\libc_nano.a(libc_a-findfp.o) (__sread)
C:/ST/STM32CubeIDE_1.14.1/STM32CubeIDE/plugins/com.st.stm32cube.ide.mcu.externaltools.gnu-tools-for-stm32.12.3.rel1.win32_1.0.100.202403111256/tools/bin/../lib/gcc/arm-none-eabi/12.3.1/../../../../arm-none-eabi/lib/thumb/v7e-m+fp/hard\libc_nano.a(libc_a-memset.o)
                              C:/ST/STM32CubeIDE_1.14.1/STM32CubeIDE/plugins/com.st.stm32cube.ide.mcu.externaltools.gnu-tools-for-stm32.12.3.rel1.win32_1.0.100.202403111256/tools/bin/../lib/gcc/arm-none-eabi/12.3.1/../../../../arm-none-eabi/lib/thumb/v7e-m+fp/hard/crt0.o (memset)
C:/ST/STM32CubeIDE_1.14.1/STM32CubeIDE/plugins/com.st.stm32cube.ide.mcu.externaltools.gnu-tools-for-stm32.12.3.rel1.win32_1.0.100.202403111256/tools/bin/../lib/gcc/arm-none-eabi/12.3.1/../../../../arm-none-eabi/lib/thumb/v7e-m+fp/hard\libc_nano.a(libc_a-closer.o)
                              C:/ST/STM32CubeIDE_1.14.1/STM32CubeIDE/plugins/com.st.stm32cube.ide.mcu.externaltools.gnu-tools-for-stm32.12.3.rel1.win32_1.0.100.202403111256/tools/bin/../lib/gcc/arm-none-eabi/12.3.1/../../../../arm-none-eabi/lib/thumb/v7e-m+fp/hard\libc_nano.a(libc_a-stdio.o) (_close_r)
C:/ST/STM32CubeIDE_1.14.1/STM32CubeIDE/plugins/com.st.stm32cube.ide.mcu.externaltools.gnu-tools-for-stm32.12.3.rel1.win32_1.0.100.202403111256/tools/bin/../lib/gcc/arm-none-eabi/12.3.1/../../../../arm-none-eabi/lib/thumb/v7e-m+fp/hard\libc_nano.a(libc_a-reent.o)
                              C:/ST/STM32CubeIDE_1.14.1/STM32CubeIDE/plugins/com.st.stm32cube.ide.mcu.externaltools.gnu-tools-for-stm32.12.3.rel1.win32_1.0.100.202403111256/tools/bin/../lib/gcc/arm-none-eabi/12.3.1/../../../../arm-none-eabi/lib/thumb/v7e-m+fp/hard\libc_nano.a(libc_a-closer.o) (errno)
C:/ST/STM32CubeIDE_1.14.1/STM32CubeIDE/plugins/com.st.stm32cube.ide.mcu.externaltools.gnu-tools-for-stm32.12.3.rel1.win32_1.0.100.202403111256/tools/bin/../lib/gcc/arm-none-eabi/12.3.1/../../../../arm-none-eabi/lib/thumb/v7e-m+fp/hard\libc_nano.a(libc_a-impure.o)
                              C:/ST/STM32CubeIDE_1.14.1/STM32CubeIDE/plugins/com.st.stm32cube.ide.mcu.externaltools.gnu-tools-for-stm32.12.3.rel1.win32_1.0.100.202403111256/tools/bin/../lib/gcc/arm-none-eabi/12.3.1/../../../../arm-none-eabi/lib/thumb/v7e-m+fp/hard\libc_nano.a(libc_a-reent.o) (_impure_ptr)
C:/ST/STM32CubeIDE_1.14.1/STM32CubeIDE/plugins/com.st.stm32cube.ide.mcu.externaltools.gnu-tools-for-stm32.12.3.rel1.win32_1.0.100.202403111256/tools/bin/../lib/gcc/arm-none-eabi/12.3.1/../../../../arm-none-eabi/lib/thumb/v7e-m+fp/hard\libc_nano.a(libc_a-lseekr.o)
[...]
Memory Configuration

Name             Origin             Length             Attributes
RAM              0x20000000         0x00018000         xrw
RAM2             0x10000000         0x00008000         xrw
FLASH            0x08000000         0x00100000         xr
*default*        0x00000000         0xffffffff

Linker script and memory map

LOAD C:/ST/STM32CubeIDE_1.14.1/STM32CubeIDE/plugins/com.st.stm32cube.ide.mcu.externaltools.gnu-tools-for-stm32.12.3.rel1.win32_1.0.100.202403111256/tools/bin/../lib/gcc/arm-none-eabi/12.3.1/thumb/v7e-m+fp/hard/crti.o
LOAD C:/ST/STM32CubeIDE_1.14.1/STM32CubeIDE/plugins/com.st.stm32cube.ide.mcu.externaltools.gnu-tools-for-stm32.12.3.rel1.win32_1.0.100.202403111256/tools/bin/../lib/gcc/arm-none-eabi/12.3.1/thumb/v7e-m+fp/hard/crtbegin.o
LOAD C:/ST/STM32CubeIDE_1.14.1/STM32CubeIDE/plugins/com.st.stm32cube.ide.mcu.externaltools.gnu-tools-for-stm32.12.3.rel1.win32_1.0.100.202403111256/tools/bin/../lib/gcc/arm-none-eabi/12.3.1/../../../../arm-none-eabi/lib/thumb/v7e-m+fp/hard/crt0.o
LOAD ./Core/Src/HC-SR04.o
LOAD ./Core/Src/gpio.o
LOAD ./Core/Src/main.o
LOAD ./Core/Src/stepper.o
LOAD ./Core/Src/stm32l4xx_hal_msp.o
LOAD ./Core/Src/stm32l4xx_it.o
LOAD ./Core/Src/syscalls.o
LOAD ./Core/Src/sysmem.o
LOAD ./Core/Src/system_stm32l4xx.o
LOAD ./Core/Src/tim.o
LOAD ./Core/Src/usart.o
LOAD ./Core/Startup/startup_stm32l476rgtx.o
LOAD ./Drivers/STM32L4xx_HAL_Driver/Src/stm32l4xx_hal.o
LOAD ./Drivers/STM32L4xx_HAL_Driver/Src/stm32l4xx_hal_cortex.o
LOAD ./Drivers/STM32L4xx_HAL_Driver/Src/stm32l4xx_hal_dma.o
LOAD ./Drivers/STM32L4xx_HAL_Driver/Src/stm32l4xx_hal_dma_ex.o
LOAD ./Drivers/STM32L4xx_HAL_Driver/Src/stm32l4xx_hal_exti.o
LOAD ./Drivers/STM32L4xx_HAL_Driver/Src/stm32l4xx_hal_flash.o
LOAD ./Drivers/STM32L4xx_HAL_Driver/Src/stm32l4xx_hal_flash_ex.o
LOAD ./Drivers/STM32L4xx_HAL_Driver/Src/stm32l4xx_hal_flash_ramfunc.o
LOAD ./Drivers/STM32L4xx_HAL_Driver/Src/stm32l4xx_hal_gpio.o
LOAD ./Drivers/STM32L4xx_HAL_Driver/Src/stm32l4xx_hal_i2c.o
LOAD ./Drivers/STM32L4xx_HAL_Driver/Src/stm32l4xx_hal_i2c_ex.o
LOAD ./Drivers/STM32L4xx_HAL_Driver/Src/stm32l4xx_hal_pwr.o
LOAD ./Drivers/STM32L4xx_HAL_Driver/Src/stm32l4xx_hal_pwr_ex.o
LOAD ./Drivers/STM32L4xx_HAL_Driver/Src/stm32l4xx_hal_rcc.o
LOAD ./Drivers/STM32L4xx_HAL_Driver/Src/stm32l4xx_hal_rcc_ex.o
LOAD ./Drivers/STM32L4xx_HAL_Driver/Src/stm32l4xx_hal_tim.o
LOAD ./Drivers/STM32L4xx_HAL_Driver/Src/stm32l4xx_hal_tim_ex.o
LOAD ./Drivers/STM32L4xx_HAL_Driver/Src/stm32l4xx_hal_uart.o
LOAD ./Drivers/STM32L4xx_HAL_Driver/Src/stm32l4xx_hal_uart_ex.o
START GROUP
LOAD C:/ST/STM32CubeIDE_1.14.1/STM32CubeIDE/plugins/com.st.stm32cube.ide.mcu.externaltools.gnu-tools-for-stm32.12.3.rel1.win32_1.0.100.202403111256/tools/bin/../lib/gcc/arm-none-eabi/12.3.1/../../../../arm-none-eabi/lib/thumb/v7e-m+fp/hard\libc_nano.a
LOAD C:/ST/STM32CubeIDE_1.14.1/STM32CubeIDE/plugins/com.st.stm32cube.ide.mcu.externaltools.gnu-tools-for-stm32.12.3.rel1.win32_1.0.100.202403111256/tools/bin/../lib/gcc/arm-none-eabi/12.3.1/../../../../arm-none-eabi/lib/thumb/v7e-m+fp/hard\libm.a
END GROUP
START GROUP
LOAD C:/ST/STM32CubeIDE_1.14.1/STM32CubeIDE/plugins/com.st.stm32cube.ide.mcu.externaltools.gnu-tools-for-stm32.12.3.rel1.win32_1.0.100.202403111256/tools/bin/../lib/gcc/arm-none-eabi/12.3.1/thumb/v7e-m+fp/hard\libgcc.a
LOAD C:/ST/STM32CubeIDE_1.14.1/STM32CubeIDE/plugins/com.st.stm32cube.ide.mcu.externaltools.gnu-tools-for-stm32.12.3.rel1.win32_1.0.100.202403111256/tools/bin/../lib/gcc/arm-none-eabi/12.3.1/../../../../arm-none-eabi/lib/thumb/v7e-m+fp/hard\libc_nano.a
END GROUP
START GROUP
LOAD C:/ST/STM32CubeIDE_1.14.1/STM32CubeIDE/plugins/com.st.stm32cube.ide.mcu.externaltools.gnu-tools-for-stm32.12.3.rel1.win32_1.0.100.202403111256/tools/bin/../lib/gcc/arm-none-eabi/12.3.1/thumb/v7e-m+fp/hard\libgcc.a
LOAD C:/ST/STM32CubeIDE_1.14.1/STM32CubeIDE/plugins/com.st.stm32cube.ide.mcu.externaltools.gnu-tools-for-stm32.12.3.rel1.win32_1.0.100.202403111256/tools/bin/../lib/gcc/arm-none-eabi/12.3.1/../../../../arm-none-eabi/lib/thumb/v7e-m+fp/hard\libc_nano.a
LOAD C:/ST/STM32CubeIDE_1.14.1/STM32CubeIDE/plugins/com.st.stm32cube.ide.mcu.externaltools.gnu-tools-for-stm32.12.3.rel1.win32_1.0.100.202403111256/tools/bin/../lib/gcc/arm-none-eabi/12.3.1/../../../../arm-none-eabi/lib/thumb/v7e-m+fp/hard\libnosys.a
END GROUP
START GROUP
LOAD C:/ST/STM32CubeIDE_1.14.1/STM32CubeIDE/plugins/com.st.stm32cube.ide.mcu.externaltools.gnu-tools-for-stm32.12.3.rel1.win32_1.0.100.202403111256/tools/bin/../lib/gcc/arm-none-eabi/12.3.1/thumb/v7e-m+fp/hard\libgcc.a
LOAD C:/ST/STM32CubeIDE_1.14.1/STM32CubeIDE/plugins/com.st.stm32cube.ide.mcu.externaltools.gnu-tools-for-stm32.12.3.rel1.win32_1.0.100.202403111256/tools/bin/../lib/gcc/arm-none-eabi/12.3.1/../../../../arm-none-eabi/lib/thumb/v7e-m+fp/hard\libc_nano.a
LOAD C:/ST/STM32CubeIDE_1.14.1/STM32CubeIDE/plugins/com.st.stm32cube.ide.mcu.externaltools.gnu-tools-for-stm32.12.3.rel1.win32_1.0.100.202403111256/tools/bin/../lib/gcc/arm-none-eabi/12.3.1/../../../../arm-none-eabi/lib/thumb/v7e-m+fp/hard\libnosys.a
END GROUP
LOAD C:/ST/STM32CubeIDE_1.14.1/STM32CubeIDE/plugins/com.st.stm32cube.ide.mcu.externaltools.gnu-tools-for-stm32.12.3.rel1.win32_1.0.100.202403111256/tools/bin/../lib/gcc/arm-none-eabi/12.3.1/thumb/v7e-m+fp/hard/crtend.o
LOAD C:/ST/STM32CubeIDE_1.14.1/STM32CubeIDE/plugins/com.st.stm32cube.ide.mcu.externaltools.gnu-tools-for-stm32.12.3.rel1.win32_1.0.100.202403111256/tools/bin/../lib/gcc/arm-none-eabi/12.3.1/thumb/v7e-m+fp/hard/crtn.o
                0x20018000                        _estack = (ORIGIN (RAM) + LENGTH (RAM))
                0x00000200                        _Min_Heap_Size = 0x200
                0x00000400                        _Min_Stack_Size = 0x400

.isr_vector     0x08000000      0x188
                0x08000000                        . = ALIGN (0x4)
 *(.isr_vector)
 .isr_vector    0x08000000      0x188 ./Core/Startup/startup_stm32l476rgtx.o
                0x08000000                g_pfnVectors
                0x08000188                        . = ALIGN (0x4)

.text           0x08000188     0x4df4
                0x08000188                        . = ALIGN (0x4)
 *(.text)
 .text          0x08000188       0x40 C:/ST/STM32CubeIDE_1.14.1/STM32CubeIDE/plugins/com.st.stm32cube.ide.mcu.externaltools.gnu-tools-for-stm32.12.3.rel1.win32_1.0.100.202403111256/tools/bin/../lib/gcc/arm-none-eabi/12.3.1/thumb/v7e-m+fp/hard/crtbegin.o
 .text          0x080001c8       0x30 C:/ST/STM32CubeIDE_1.14.1/STM32CubeIDE/plugins/com.st.stm32cube.ide.mcu.externaltools.gnu-tools-for-stm32.12.3.rel1.win32_1.0.100.202403111256/tools/bin/../lib/gcc/arm-none-eabi/12.3.1/thumb/v7e-m+fp/hard\libgcc.a(_aeabi_uldivmod.o)
                0x080001c8                __aeabi_uldivmod
 .text          0x080001f8      0x2bc C:/ST/STM32CubeIDE_1.14.1/STM32CubeIDE/plugins/com.st.stm32cube.ide.mcu.externaltools.gnu-tools-for-stm32.12.3.rel1.win32_1.0.100.202403111256/tools/bin/../lib/gcc/arm-none-eabi/12.3.1/thumb/v7e-m+fp/hard\libgcc.a(_udivmoddi4.o)
                0x080001f8                __udivmoddi4
 .text          0x080004b4        0x4 C:/ST/STM32CubeIDE_1.14.1/STM32CubeIDE/plugins/com.st.stm32cube.ide.mcu.externaltools.gnu-tools-for-stm32.12.3.rel1.win32_1.0.100.202403111256/tools/bin/../lib/gcc/arm-none-eabi/12.3.1/thumb/v7e-m+fp/hard\libgcc.a(_dvmd_tls.o)
                0x080004b4                __aeabi_idiv0
                0x080004b4                __aeabi_ldiv0
 *(.text*)
 .text.delay_us
                0x080004b8       0x34 ./Core/Src/HC-SR04.o
                0x080004b8                delay_us
 .text.Sensor_trigger
                0x080004ec       0x2a ./Core/Src/HC-SR04.o
                0x080004ec                Sensor_trigger
 *fill*         0x08000516        0x2 
 .text.Sensor_get_distance
                0x08000518       0x84 ./Core/Src/HC-SR04.o
                0x08000518                Sensor_get_distance
 .text.MX_GPIO_Init
                0x0800059c      0x118 ./Core/Src/gpio.o
                0x0800059c                MX_GPIO_Init
 .text.main     0x080006b4       0xf4 ./Core/Src/main.o
                0x080006b4                main
 .text.SystemClock_Config
                0x080007a8       0xa2 ./Core/Src/main.o
                0x080007a8                SystemClock_Config
 *fill*         0x0800084a        0x2 
 .text.HAL_TIM_PWM_PulseFinishedCallback
                0x0800084c       0x40 ./Core/Src/main.o
                0x0800084c                HAL_TIM_PWM_PulseFinishedCallback
 .text.Error_Handler
                0x0800088c        0xc ./Core/Src/main.o
                0x0800088c                Error_Handler
 .text.stepper_init
                0x08000898       0x24 ./Core/Src/stepper.o
                0x08000898                stepper_init
 .text.stepper_set_angle
                0x080008bc       0x70 ./Core/Src/stepper.o
                0x080008bc                stepper_set_angle
 .text.stepper_stop
                0x0800092c       0x94 ./Core/Src/stepper.o
                0x0800092c                stepper_stop
 .text.stepper_set_direction
                0x080009c0       0x3c ./Core/Src/stepper.o
                0x080009c0                stepper_set_direction
 .text.stepper_set_speed
                0x080009fc      0x100 ./Core/Src/stepper.o
                0x080009fc                stepper_set_speed
 .text.HAL_MspInit
                0x08000afc       0x48 ./Core/Src/stm32l4xx_hal_msp.o
                0x08000afc                HAL_MspInit
 .text.NMI_Handler
                0x08000b44        0x8 ./Core/Src/stm32l4xx_it.o
                0x08000b44                NMI_Handler
 .text.HardFault_Handler
                0x08000b4c        0x8 ./Core/Src/stm32l4xx_it.o
                0x08000b4c                HardFault_Handler
 .text.MemManage_Handler
                0x08000b54        0x8 ./Core/Src/stm32l4xx_it.o
                0x08000b54                MemManage_Handler
 .text.BusFault_Handler
                0x08000b5c        0x8 ./Core/Src/stm32l4xx_it.o
                0x08000b5c                BusFault_Handler
 .text.UsageFault_Handler
                0x08000b64        0x8 ./Core/Src/stm32l4xx_it.o
                0x08000b64                UsageFault_Handler
 .text.SVC_Handler
                0x08000b6c        0xe ./Core/Src/stm32l4xx_it.o
                0x08000b6c                SVC_Handler
 .text.DebugMon_Handler
                0x08000b7a        0xe ./Core/Src/stm32l4xx_it.o
                0x08000b7a                DebugMon_Handler
 .text.PendSV_Handler
                0x08000b88        0xe ./Core/Src/stm32l4xx_it.o
                0x08000b88                PendSV_Handler
 .text.SysTick_Handler
                0x08000b96        0xc ./Core/Src/stm32l4xx_it.o
                0x08000b96                SysTick_Handler
 *fill*         0x08000ba2        0x2 
 .text.TIM1_UP_TIM16_IRQHandler
                0x08000ba4       0x14 ./Core/Src/stm32l4xx_it.o
                0x08000ba4                TIM1_UP_TIM16_IRQHandler
 .text.TIM7_IRQHandler
                0x08000bb8       0x14 ./Core/Src/stm32l4xx_it.o
                0x08000bb8                TIM7_IRQHandler
 .text.SystemInit
                0x08000bcc       0x24 ./Core/Src/system_stm32l4xx.o
                0x08000bcc                SystemInit
 .text.MX_TIM1_Init
                0x08000bf0       0xac ./Core/Src/tim.o
                0x08000bf0                MX_TIM1_Init
 .text.MX_TIM2_Init
                0x08000c9c       0xb4 ./Core/Src/tim.o
                0x08000c9c                MX_TIM2_Init
 .text.MX_TIM7_Init
                0x08000d50       0x6c ./Core/Src/tim.o
                0x08000d50                MX_TIM7_Init
 .text.HAL_TIM_Base_MspInit
                0x08000dbc       0x84 ./Core/Src/tim.o
                0x08000dbc                HAL_TIM_Base_MspInit
 .text.HAL_TIM_PWM_MspInit
                0x08000e40       0x3c ./Core/Src/tim.o
                0x08000e40                HAL_TIM_PWM_MspInit
 .text.HAL_TIM_MspPostInit
                0x08000e7c       0x6c ./Core/Src/tim.o
                0x08000e7c                HAL_TIM_MspPostInit
 .text.MX_USART2_UART_Init
                0x08000ee8       0x60 ./Core/Src/usart.o
                0x08000ee8                MX_USART2_UART_Init
 .text.HAL_UART_MspInit
                0x08000f48       0xb8 ./Core/Src/usart.o
                0x08000f48                HAL_UART_MspInit
 .text.Send_data
                0x08001000       0x74 ./Core/Src/usart.o
                0x08001000                Send_data
 .text.Reset_Handler
                0x08001074       0x50 ./Core/Startup/startup_stm32l476rgtx.o
                0x08001074                Reset_Handler
 .text.Default_Handler
                0x080010c4        0x2 ./Core/Startup/startup_stm32l476rgtx.o
                0x080010c4                RTC_Alarm_IRQHandler
                0x080010c4                EXTI2_IRQHandler
                0x080010c4                TIM8_TRG_COM_IRQHandler
                0x080010c4                TIM8_CC_IRQHandler
                0x080010c4                TIM1_CC_IRQHandler
                0x080010c4                TSC_IRQHandler
                0x080010c4                TAMP_STAMP_IRQHandler
                0x080010c4                EXTI3_IRQHandler
                0x080010c4                LPTIM2_IRQHandler
                0x080010c4                DFSDM1_FLT1_IRQHandler
                0x080010c4                I2C3_ER_IRQHandler
                0x080010c4                DFSDM1_FLT2_IRQHandler
                0x080010c4                EXTI0_IRQHandler
                0x080010c4                I2C2_EV_IRQHandler
                0x080010c4                CAN1_RX0_IRQHandler
                0x080010c4                FPU_IRQHandler
                0x080010c4                ADC1_2_IRQHandler
                0x080010c4                SPI1_IRQHandler
                0x080010c4                TIM6_DAC_IRQHandler
                0x080010c4                TIM8_UP_IRQHandler
                0x080010c4                DMA2_Channel2_IRQHandler
                0x080010c4                DMA1_Channel4_IRQHandler
                0x080010c4                SAI2_IRQHandler
                0x080010c4                DFSDM1_FLT3_IRQHandler
                0x080010c4                USART3_IRQHandler
                0x080010c4                DMA1_Channel7_IRQHandler
                0x080010c4                CAN1_RX1_IRQHandler
                0x080010c4                LCD_IRQHandler
                0x080010c4                UART5_IRQHandler
                0x080010c4                ADC3_IRQHandler
                0x080010c4                TIM4_IRQHandler
                0x080010c4                DMA2_Channel1_IRQHandler
                0x080010c4                QUADSPI_IRQHandler
                0x080010c4                I2C1_EV_IRQHandler
                0x080010c4                DMA1_Channel6_IRQHandler
                0x080010c4                UART4_IRQHandler
                0x080010c4                DMA2_Channel4_IRQHandler
                0x080010c4                TIM3_IRQHandler
                0x080010c4                RCC_IRQHandler
                0x080010c4                DMA1_Channel1_IRQHandler
                0x080010c4                Default_Handler
                0x080010c4                DMA2_Channel7_IRQHandler
                0x080010c4                EXTI15_10_IRQHandler
                0x080010c4                SDMMC1_IRQHandler
                0x080010c4                TIM5_IRQHandler
                0x080010c4                I2C3_EV_IRQHandler
                0x080010c4                EXTI9_5_IRQHandler
                0x080010c4                RTC_WKUP_IRQHandler
                0x080010c4                PVD_PVM_IRQHandler
                0x080010c4                SPI2_IRQHandler
                0x080010c4                CAN1_TX_IRQHandler
                0x080010c4                DMA2_Channel5_IRQHandler
                0x080010c4                DMA1_Channel5_IRQHandler
                0x080010c4                EXTI4_IRQHandler
                0x080010c4                RNG_IRQHandler
                0x080010c4                TIM1_TRG_COM_TIM17_IRQHandler
                0x080010c4                DMA1_Channel3_IRQHandler
                0x080010c4                COMP_IRQHandler
                0x080010c4                WWDG_IRQHandler
                0x080010c4                LPUART1_IRQHandler
                0x080010c4                DMA2_Channel6_IRQHandler
                0x080010c4                TIM2_IRQHandler
                0x080010c4                EXTI1_IRQHandler
                0x080010c4                USART2_IRQHandler
                0x080010c4                DFSDM1_FLT0_IRQHandler
                0x080010c4                I2C2_ER_IRQHandler
                0x080010c4                DMA1_Channel2_IRQHandler
                0x080010c4                TIM8_BRK_IRQHandler
                0x080010c4                CAN1_SCE_IRQHandler
                0x080010c4                FLASH_IRQHandler
                0x080010c4                USART1_IRQHandler
                0x080010c4                OTG_FS_IRQHandler
                0x080010c4                SPI3_IRQHandler
                0x080010c4                I2C1_ER_IRQHandler
                0x080010c4                FMC_IRQHandler
                0x080010c4                SWPMI1_IRQHandler
                0x080010c4                LPTIM1_IRQHandler
                0x080010c4                SAI1_IRQHandler
                0x080010c4                DMA2_Channel3_IRQHandler
                0x080010c4                TIM1_BRK_TIM15_IRQHandler
 *fill*         0x080010c6        0x2 
 .text.HAL_Init
                0x080010c8       0x40 ./Drivers/STM32L4xx_HAL_Driver/Src/stm32l4xx_hal.o
                0x080010c8                HAL_Init
 .text.HAL_InitTick
                0x08001108       0x78 ./Drivers/STM32L4xx_HAL_Driver/Src/stm32l4xx_hal.o
                0x08001108                HAL_InitTick
 .text.HAL_IncTick
                0x08001180       0x28 ./Drivers/STM32L4xx_HAL_Driver/Src/stm32l4xx_hal.o
                0x08001180                HAL_IncTick
 .text.HAL_GetTick
                0x080011a8       0x18 ./Drivers/STM32L4xx_HAL_Driver/Src/stm32l4xx_hal.o
                0x080011a8                HAL_GetTick
 .text.HAL_Delay
                0x080011c0       0x48 ./Drivers/STM32L4xx_HAL_Driver/Src/stm32l4xx_hal.o
                0x080011c0                HAL_Delay
 .text.__NVIC_SetPriorityGrouping
                0x08001208       0x48 ./Drivers/STM32L4xx_HAL_Driver/Src/stm32l4xx_hal_cortex.o
 .text.__NVIC_GetPriorityGrouping
                0x08001250       0x1c ./Drivers/STM32L4xx_HAL_Driver/Src/stm32l4xx_hal_cortex.o
 .text.__NVIC_EnableIRQ
                0x0800126c       0x3c ./Drivers/STM32L4xx_HAL_Driver/Src/stm32l4xx_hal_cortex.o
 .text.__NVIC_SetPriority
                0x080012a8       0x54 ./Drivers/STM32L4xx_HAL_Driver/Src/stm32l4xx_hal_cortex.o
 .text.NVIC_EncodePriority
                0x080012fc       0x66 ./Drivers/STM32L4xx_HAL_Driver/Src/stm32l4xx_hal_cortex.o
 *fill*         0x08001362        0x2 
 .text.SysTick_Config
                0x08001364       0x44 ./Drivers/STM32L4xx_HAL_Driver/Src/stm32l4xx_hal_cortex.o
 .text.HAL_NVIC_SetPriorityGrouping
                0x080013a8       0x16 ./Drivers/STM32L4xx_HAL_Driver/Src/stm32l4xx_hal_cortex.o
                0x080013a8                HAL_NVIC_SetPriorityGrouping
 .text.HAL_NVIC_SetPriority
                0x080013be       0x38 ./Drivers/STM32L4xx_HAL_Driver/Src/stm32l4xx_hal_cortex.o
                0x080013be                HAL_NVIC_SetPriority
 .text.HAL_NVIC_EnableIRQ
                0x080013f6       0x1c ./Drivers/STM32L4xx_HAL_Driver/Src/stm32l4xx_hal_cortex.o
                0x080013f6                HAL_NVIC_EnableIRQ
 .text.HAL_SYSTICK_Config
                0x08001412       0x18 ./Drivers/STM32L4xx_HAL_Driver/Src/stm32l4xx_hal_cortex.o
                0x08001412                HAL_SYSTICK_Config
 *fill*         0x0800142a        0x2 
 .text.HAL_GPIO_Init
                0x0800142c      0x354 ./Drivers/STM32L4xx_HAL_Driver/Src/stm32l4xx_hal_gpio.o
                0x0800142c                HAL_GPIO_Init
 .text.HAL_GPIO_ReadPin
                0x08001780       0x30 ./Drivers/STM32L4xx_HAL_Driver/Src/stm32l4xx_hal_gpio.o
                0x08001780                HAL_GPIO_ReadPin
 .text.HAL_GPIO_WritePin
                0x080017b0       0x30 ./Drivers/STM32L4xx_HAL_Driver/Src/stm32l4xx_hal_gpio.o
                0x080017b0                HAL_GPIO_WritePin
 .text.HAL_PWREx_GetVoltageRange
                0x080017e0       0x1c ./Drivers/STM32L4xx_HAL_Driver/Src/stm32l4xx_hal_pwr_ex.o
                0x080017e0                HAL_PWREx_GetVoltageRange
 .text.HAL_PWREx_ControlVoltageScaling
                0x080017fc       0xac ./Drivers/STM32L4xx_HAL_Driver/Src/stm32l4xx_hal_pwr_ex.o
                0x080017fc                HAL_PWREx_ControlVoltageScaling
 .text.HAL_RCC_OscConfig
                0x080018a8      0x7b8 ./Drivers/STM32L4xx_HAL_Driver/Src/stm32l4xx_hal_rcc.o
                0x080018a8                HAL_RCC_OscConfig
 .text.HAL_RCC_ClockConfig
                0x08002060      0x200 ./Drivers/STM32L4xx_HAL_Driver/Src/stm32l4xx_hal_rcc.o
                0x08002060                HAL_RCC_ClockConfig
 .text.HAL_RCC_GetSysClockFreq
                0x08002260      0x118 ./Drivers/STM32L4xx_HAL_Driver/Src/stm32l4xx_hal_rcc.o
                0x08002260                HAL_RCC_GetSysClockFreq
 .text.HAL_RCC_GetHCLKFreq
                0x08002378       0x18 ./Drivers/STM32L4xx_HAL_Driver/Src/stm32l4xx_hal_rcc.o
                0x08002378                HAL_RCC_GetHCLKFreq
 .text.HAL_RCC_GetPCLK1Freq
                0x08002390       0x2c ./Drivers/STM32L4xx_HAL_Driver/Src/stm32l4xx_hal_rcc.o
                0x08002390                HAL_RCC_GetPCLK1Freq
 .text.HAL_RCC_GetPCLK2Freq
                0x080023bc       0x2c ./Drivers/STM32L4xx_HAL_Driver/Src/stm32l4xx_hal_rcc.o
                0x080023bc                HAL_RCC_GetPCLK2Freq
 .text.RCC_SetFlashLatencyFromMSIRange
                0x080023e8       0xc0 ./Drivers/STM32L4xx_HAL_Driver/Src/stm32l4xx_hal_rcc.o
 .text.HAL_RCCEx_PeriphCLKConfig
                0x080024a8      0x5d4 ./Drivers/STM32L4xx_HAL_Driver/Src/stm32l4xx_hal_rcc_ex.o
                0x080024a8                HAL_RCCEx_PeriphCLKConfig
 .text.RCCEx_PLLSAI1_Config
                0x08002a7c      0x1e8 ./Drivers/STM32L4xx_HAL_Driver/Src/stm32l4xx_hal_rcc_ex.o
 .text.RCCEx_PLLSAI2_Config
                0x08002c64      0x1bc ./Drivers/STM32L4xx_HAL_Driver/Src/stm32l4xx_hal_rcc_ex.o
 .text.HAL_TIM_Base_Init
                0x08002e20       0xae ./Drivers/STM32L4xx_HAL_Driver/Src/stm32l4xx_hal_tim.o
                0x08002e20                HAL_TIM_Base_Init
 *fill*         0x08002ece        0x2 
 .text.HAL_TIM_Base_Start
                0x08002ed0       0xd0 ./Drivers/STM32L4xx_HAL_Driver/Src/stm32l4xx_hal_tim.o
                0x08002ed0                HAL_TIM_Base_Start
 .text.HAL_TIM_PWM_Init
                0x08002fa0       0xae ./Drivers/STM32L4xx_HAL_Driver/Src/stm32l4xx_hal_tim.o
                0x08002fa0                HAL_TIM_PWM_Init
 *fill*         0x0800304e        0x2 
 .text.HAL_TIM_PWM_Stop
                0x08003050      0x12c ./Drivers/STM32L4xx_HAL_Driver/Src/stm32l4xx_hal_tim.o
                0x08003050                HAL_TIM_PWM_Stop
 .text.HAL_TIM_PWM_Start_IT
                0x0800317c      0x2a8 ./Drivers/STM32L4xx_HAL_Driver/Src/stm32l4xx_hal_tim.o
                0x0800317c                HAL_TIM_PWM_Start_IT
 .text.HAL_TIM_IRQHandler
                0x08003424      0x204 ./Drivers/STM32L4xx_HAL_Driver/Src/stm32l4xx_hal_tim.o
                0x08003424                HAL_TIM_IRQHandler
 .text.HAL_TIM_PWM_ConfigChannel
                0x08003628      0x228 ./Drivers/STM32L4xx_HAL_Driver/Src/stm32l4xx_hal_tim.o
                0x08003628                HAL_TIM_PWM_ConfigChannel
 .text.HAL_TIM_SlaveConfigSynchro
                0x08003850       0x84 ./Drivers/STM32L4xx_HAL_Driver/Src/stm32l4xx_hal_tim.o
                0x08003850                HAL_TIM_SlaveConfigSynchro
 .text.HAL_TIM_PeriodElapsedCallback
                0x080038d4       0x14 ./Drivers/STM32L4xx_HAL_Driver/Src/stm32l4xx_hal_tim.o
                0x080038d4                HAL_TIM_PeriodElapsedCallback
 .text.HAL_TIM_OC_DelayElapsedCallback
                0x080038e8       0x14 ./Drivers/STM32L4xx_HAL_Driver/Src/stm32l4xx_hal_tim.o
                0x080038e8                HAL_TIM_OC_DelayElapsedCallback
 .text.HAL_TIM_IC_CaptureCallback
                0x080038fc       0x14 ./Drivers/STM32L4xx_HAL_Driver/Src/stm32l4xx_hal_tim.o
                0x080038fc                HAL_TIM_IC_CaptureCallback
 .text.HAL_TIM_TriggerCallback
                0x08003910       0x14 ./Drivers/STM32L4xx_HAL_Driver/Src/stm32l4xx_hal_tim.o
                0x08003910                HAL_TIM_TriggerCallback
 .text.TIM_Base_SetConfig
                0x08003924      0x134 ./Drivers/STM32L4xx_HAL_Driver/Src/stm32l4xx_hal_tim.o
                0x08003924                TIM_Base_SetConfig
 .text.TIM_OC1_SetConfig
                0x08003a58      0x120 ./Drivers/STM32L4xx_HAL_Driver/Src/stm32l4xx_hal_tim.o
 .text.TIM_OC2_SetConfig
                0x08003b78      0x114 ./Drivers/STM32L4xx_HAL_Driver/Src/stm32l4xx_hal_tim.o
                0x08003b78                TIM_OC2_SetConfig
 .text.TIM_OC3_SetConfig
                0x08003c8c      0x110 ./Drivers/STM32L4xx_HAL_Driver/Src/stm32l4xx_hal_tim.o
 .text.TIM_OC4_SetConfig
                0x08003d9c       0xd4 ./Drivers/STM32L4xx_HAL_Driver/Src/stm32l4xx_hal_tim.o
 .text.TIM_OC5_SetConfig
                0x08003e70       0xc8 ./Drivers/STM32L4xx_HAL_Driver/Src/stm32l4xx_hal_tim.o
 .text.TIM_OC6_SetConfig
                0x08003f38       0xcc ./Drivers/STM32L4xx_HAL_Driver/Src/stm32l4xx_hal_tim.o
 .text.TIM_SlaveTimer_SetConfig
                0x08004004      0x126 ./Drivers/STM32L4xx_HAL_Driver/Src/stm32l4xx_hal_tim.o
 .text.TIM_TI1_ConfigInputStage
                0x0800412a       0x5e ./Drivers/STM32L4xx_HAL_Driver/Src/stm32l4xx_hal_tim.o
 .text.TIM_TI2_ConfigInputStage
                0x08004188       0x60 ./Drivers/STM32L4xx_HAL_Driver/Src/stm32l4xx_hal_tim.o
 .text.TIM_ETR_SetConfig
                0x080041e8       0x40 ./Drivers/STM32L4xx_HAL_Driver/Src/stm32l4xx_hal_tim.o
                0x080041e8                TIM_ETR_SetConfig
 .text.TIM_CCxChannelCmd
                0x08004228       0x4a ./Drivers/STM32L4xx_HAL_Driver/Src/stm32l4xx_hal_tim.o
                0x08004228                TIM_CCxChannelCmd
 *fill*         0x08004272        0x2 
 .text.HAL_TIMEx_MasterConfigSynchronization
                0x08004274      0x110 ./Drivers/STM32L4xx_HAL_Driver/Src/stm32l4xx_hal_tim_ex.o
                0x08004274                HAL_TIMEx_MasterConfigSynchronization
 .text.HAL_TIMEx_CommutCallback
                0x08004384       0x14 ./Drivers/STM32L4xx_HAL_Driver/Src/stm32l4xx_hal_tim_ex.o
                0x08004384                HAL_TIMEx_CommutCallback
 .text.HAL_TIMEx_BreakCallback
                0x08004398       0x14 ./Drivers/STM32L4xx_HAL_Driver/Src/stm32l4xx_hal_tim_ex.o
                0x08004398                HAL_TIMEx_BreakCallback
 .text.HAL_TIMEx_Break2Callback
                0x080043ac       0x14 ./Drivers/STM32L4xx_HAL_Driver/Src/stm32l4xx_hal_tim_ex.o
                0x080043ac                HAL_TIMEx_Break2Callback
 .text.HAL_UART_Init
                0x080043c0       0x9c ./Drivers/STM32L4xx_HAL_Driver/Src/stm32l4xx_hal_uart.o
                0x080043c0                HAL_UART_Init
 .text.HAL_UART_Transmit
                0x0800445c      0x112 ./Drivers/STM32L4xx_HAL_Driver/Src/stm32l4xx_hal_uart.o
                0x0800445c                HAL_UART_Transmit
 *fill*         0x0800456e        0x2 
 .text.UART_SetConfig
                0x08004570      0x570 ./Drivers/STM32L4xx_HAL_Driver/Src/stm32l4xx_hal_uart.o
                0x08004570                UART_SetConfig
 .text.UART_AdvFeatureConfig
                0x08004ae0      0x144 ./Drivers/STM32L4xx_HAL_Driver/Src/stm32l4xx_hal_uart.o
                0x08004ae0                UART_AdvFeatureConfig
 .text.UART_CheckIdleState
                0x08004c24      0x150 ./Drivers/STM32L4xx_HAL_Driver/Src/stm32l4xx_hal_uart.o
                0x08004c24                UART_CheckIdleState
 .text.UART_WaitOnFlagUntilTimeout
                0x08004d74       0xce ./Drivers/STM32L4xx_HAL_Driver/Src/stm32l4xx_hal_uart.o
                0x08004d74                UART_WaitOnFlagUntilTimeout
 .text.UART_EndRxTransfer
                0x08004e42       0xc8 ./Drivers/STM32L4xx_HAL_Driver/Src/stm32l4xx_hal_uart.o
 .text.memset   0x08004f0a       0x10 C:/ST/STM32CubeIDE_1.14.1/STM32CubeIDE/plugins/com.st.stm32cube.ide.mcu.externaltools.gnu-tools-for-stm32.12.3.rel1.win32_1.0.100.202403111256/tools/bin/../lib/gcc/arm-none-eabi/12.3.1/../../../../arm-none-eabi/lib/thumb/v7e-m+fp/hard\libc_nano.a(libc_a-memset.o)
                0x08004f0a                memset
 *fill*         0x08004f1a        0x2 
 .text.__libc_init_array
                0x08004f1c       0x48 C:/ST/STM32CubeIDE_1.14.1/STM32CubeIDE/plugins/com.st.stm32cube.ide.mcu.externaltools.gnu-tools-for-stm32.12.3.rel1.win32_1.0.100.202403111256/tools/bin/../lib/gcc/arm-none-eabi/12.3.1/../../../../arm-none-eabi/lib/thumb/v7e-m+fp/hard\libc_nano.a(libc_a-init.o)
                0x08004f1c                __libc_init_array
 *(.glue_7)
 .glue_7        0x08004f64        0x0 linker stubs
 *(.glue_7t)
 .glue_7t       0x08004f64        0x0 linker stubs
 *(.eh_frame)
 .eh_frame      0x08004f64        0x0 C:/ST/STM32CubeIDE_1.14.1/STM32CubeIDE/plugins/com.st.stm32cube.ide.mcu.externaltools.gnu-tools-for-stm32.12.3.rel1.win32_1.0.100.202403111256/tools/bin/../lib/gcc/arm-none-eabi/12.3.1/thumb/v7e-m+fp/hard/crtbegin.o
 *(.init)
 .init          0x08004f64        0x4 C:/ST/STM32CubeIDE_1.14.1/STM32CubeIDE/plugins/com.st.stm32cube.ide.mcu.externaltools.gnu-tools-for-stm32.12.3.rel1.win32_1.0.100.202403111256/tools/bin/../lib/gcc/arm-none-eabi/12.3.1/thumb/v7e-m+fp/hard/crti.o
                0x08004f64                _init
 .init          0x08004f68        0x8 C:/ST/STM32CubeIDE_1.14.1/STM32CubeIDE/plugins/com.st.stm32cube.ide.mcu.externaltools.gnu-tools-for-stm32.12.3.rel1.win32_1.0.100.202403111256/tools/bin/../lib/gcc/arm-none-eabi/12.3.1/thumb/v7e-m+fp/hard/crtn.o
 *(.fini)
 .fini          0x08004f70        0x4 C:/ST/STM32CubeIDE_1.14.1/STM32CubeIDE/plugins/com.st.stm32cube.ide.mcu.externaltools.gnu-tools-for-stm32.12.3.rel1.win32_1.0.100.202403111256/tools/bin/../lib/gcc/arm-none-eabi/12.3.1/thumb/v7e-m+fp/hard/crti.o
                0x08004f70                _fini
 .fini          0x08004f74        0x8 C:/ST/STM32CubeIDE_1.14.1/STM32CubeIDE/plugins/com.st.stm32cube.ide.mcu.externaltools.gnu-tools-for-stm32.12.3.rel1.win32_1.0.100.202403111256/tools/bin/../lib/gcc/arm-none-eabi/12.3.1/thumb/v7e-m+fp/hard/crtn.o
                0x08004f7c                        . = ALIGN (0x4)
                0x08004f7c                        _etext = .

.vfp11_veneer   0x08004f7c        0x0
 .vfp11_veneer  0x08004f7c        0x0 linker stubs

.v4_bx          0x08004f7c        0x0
 .v4_bx         0x08004f7c        0x0 linker stubs

.iplt           0x08004f7c        0x0
 .iplt          0x08004f7c        0x0 C:/ST/STM32CubeIDE_1.14.1/STM32CubeIDE/plugins/com.st.stm32cube.ide.mcu.externaltools.gnu-tools-for-stm32.12.3.rel1.win32_1.0.100.202403111256/tools/bin/../lib/gcc/arm-none-eabi/12.3.1/thumb/v7e-m+fp/hard/crtbegin.o

.rodata         0x08004f7c       0x74
                0x08004f7c                        . = ALIGN (0x4)
 *(.rodata)
 .rodata        0x08004f7c       0x2c ./Core/Src/main.o
 *(.rodata*)
 .rodata.AHBPrescTable
                0x08004fa8       0x10 ./Core/Src/system_stm32l4xx.o
                0x08004fa8                AHBPrescTable
 .rodata.APBPrescTable
                0x08004fb8        0x8 ./Core/Src/system_stm32l4xx.o
                0x08004fb8                APBPrescTable
 .rodata.MSIRangeTable
                0x08004fc0       0x30 ./Core/Src/system_stm32l4xx.o
                0x08004fc0                MSIRangeTable
                0x08004ff0                        . = ALIGN (0x4)

.ARM.extab      0x08004ff0        0x0
                0x08004ff0                        . = ALIGN (0x4)
 *(.ARM.extab* .gnu.linkonce.armextab.*)
                0x08004ff0                        . = ALIGN (0x4)

.ARM            0x08004ff0        0x8
                0x08004ff0                        . = ALIGN (0x4)
                0x08004ff0                        __exidx_start = .
 *(.ARM.exidx*)
 .ARM.exidx     0x08004ff0        0x8 C:/ST/STM32CubeIDE_1.14.1/STM32CubeIDE/plugins/com.st.stm32cube.ide.mcu.externaltools.gnu-tools-for-stm32.12.3.rel1.win32_1.0.100.202403111256/tools/bin/../lib/gcc/arm-none-eabi/12.3.1/thumb/v7e-m+fp/hard\libgcc.a(_udivmoddi4.o)
                0x08004ff8                        __exidx_end = .
                0x08004ff8                        . = ALIGN (0x4)

.rel.dyn        0x08004ff8        0x0
 .rel.iplt      0x08004ff8        0x0 C:/ST/STM32CubeIDE_1.14.1/STM32CubeIDE/plugins/com.st.stm32cube.ide.mcu.externaltools.gnu-tools-for-stm32.12.3.rel1.win32_1.0.100.202403111256/tools/bin/../lib/gcc/arm-none-eabi/12.3.1/thumb/v7e-m+fp/hard/crtbegin.o

.preinit_array  0x08004ff8        0x0
                0x08004ff8                        . = ALIGN (0x4)
                0x08004ff8                        PROVIDE (__preinit_array_start = .)
 *(.preinit_array*)
                0x08004ff8                        PROVIDE (__preinit_array_end = .)
                0x08004ff8                        . = ALIGN (0x4)

.init_array     0x08004ff8        0x4
                0x08004ff8                        . = ALIGN (0x4)
                0x08004ff8                        PROVIDE (__init_array_start = .)
 *(SORT_BY_NAME(.init_array.*))
 *(.init_array*)
 .init_array    0x08004ff8        0x4 C:/ST/STM32CubeIDE_1.14.1/STM32CubeIDE/plugins/com.st.stm32cube.ide.mcu.externaltools.gnu-tools-for-stm32.12.3.rel1.win32_1.0.100.202403111256/tools/bin/../lib/gcc/arm-none-eabi/12.3.1/thumb/v7e-m+fp/hard/crtbegin.o
                0x08004ffc                        PROVIDE (__init_array_end = .)
                0x08004ffc                        . = ALIGN (0x4)

.fini_array     0x08004ffc        0x4
                0x08004ffc                        . = ALIGN (0x4)
                [!provide]                        PROVIDE (__fini_array_start = .)
 *(SORT_BY_NAME(.fini_array.*))
 *(.fini_array*)
 .fini_array    0x08004ffc        0x4 C:/ST/STM32CubeIDE_1.14.1/STM32CubeIDE/plugins/com.st.stm32cube.ide.mcu.externaltools.gnu-tools-for-stm32.12.3.rel1.win32_1.0.100.202403111256/tools/bin/../lib/gcc/arm-none-eabi/12.3.1/thumb/v7e-m+fp/hard/crtbegin.o
                [!provide]                        PROVIDE (__fini_array_end = .)
                0x08005000                        . = ALIGN (0x4)
                0x08005000                        _sidata = LOADADDR (.data)

.data           0x20000000        0xc load address 0x08005000
                0x20000000                        . = ALIGN (0x4)
                0x20000000                        _sdata = .
 *(.data)
 *(.data*)
 .data.SystemCoreClock
                0x20000000        0x4 ./Core/Src/system_stm32l4xx.o
                0x20000000                SystemCoreClock
 .data.uwTickPrio
                0x20000004        0x4 ./Drivers/STM32L4xx_HAL_Driver/Src/stm32l4xx_hal.o
                0x20000004                uwTickPrio
 .data.uwTickFreq
                0x20000008        0x1 ./Drivers/STM32L4xx_HAL_Driver/Src/stm32l4xx_hal.o
                0x20000008                uwTickFreq
 *(.RamFunc)
 *(.RamFunc*)
                0x2000000c                        . = ALIGN (0x4)
 *fill*         0x20000009        0x3 
                0x2000000c                        _edata = .

.igot.plt       0x2000000c        0x0 load address 0x0800500c
 .igot.plt      0x2000000c        0x0 C:/ST/STM32CubeIDE_1.14.1/STM32CubeIDE/plugins/com.st.stm32cube.ide.mcu.externaltools.gnu-tools-for-stm32.12.3.rel1.win32_1.0.100.202403111256/tools/bin/../lib/gcc/arm-none-eabi/12.3.1/thumb/v7e-m+fp/hard/crtbegin.o
                0x2000000c                        . = ALIGN (0x4)

.bss            0x2000000c      0x1b0 load address 0x0800500c
                0x2000000c                        _sbss = .
                0x2000000c                        __bss_start__ = _sbss
 *(.bss)
 .bss           0x2000000c       0x1c C:/ST/STM32CubeIDE_1.14.1/STM32CubeIDE/plugins/com.st.stm32cube.ide.mcu.externaltools.gnu-tools-for-stm32.12.3.rel1.win32_1.0.100.202403111256/tools/bin/../lib/gcc/arm-none-eabi/12.3.1/thumb/v7e-m+fp/hard/crtbegin.o
 *(.bss*)
 .bss.time1     0x20000028        0x4 ./Core/Src/HC-SR04.o
                0x20000028                time1
 .bss.time2     0x2000002c        0x4 ./Core/Src/HC-SR04.o
                0x2000002c                time2
 .bss.diff      0x20000030        0x4 ./Core/Src/HC-SR04.o
                0x20000030                diff
 .bss.distance  0x20000034        0x4 ./Core/Src/HC-SR04.o
                0x20000034                distance
 .bss.stepper   0x20000038       0x14 ./Core/Src/main.o
                0x20000038                stepper
 .bss.htim1     0x2000004c       0x4c ./Core/Src/tim.o
                0x2000004c                htim1
 .bss.htim2     0x20000098       0x4c ./Core/Src/tim.o
                0x20000098                htim2
 .bss.htim7     0x200000e4       0x4c ./Core/Src/tim.o
                0x200000e4                htim7
 .bss.huart2    0x20000130       0x88 ./Core/Src/usart.o
                0x20000130                huart2
 .bss.uwTick    0x200001b8        0x4 ./Drivers/STM32L4xx_HAL_Driver/Src/stm32l4xx_hal.o
                0x200001b8                uwTick
 *(COMMON)
                0x200001bc                        . = ALIGN (0x4)
                0x200001bc                        _ebss = .
                0x200001bc                        __bss_end__ = _ebss

._user_heap_stack
                0x200001bc      0x604 load address 0x0800500c
                0x200001c0                        . = ALIGN (0x8)
 *fill*         0x200001bc        0x4 
                [!provide]                        PROVIDE (end = .)
                0x200001c0                        PROVIDE (_end = .)
                0x200003c0                        . = (. + _Min_Heap_Size)
 *fill*         0x200001c0      0x200 
                0x200007c0                        . = (. + _Min_Stack_Size)
 *fill*         0x200003c0      0x400 
                0x200007c0                        . = ALIGN (0x8)

/DISCARD/
 libc.a(*)
 libm.a(*)
 libgcc.a(*)

.ARM.attributes
                0x00000000       0x30
 *(.ARM.attributes)
 .ARM.attributes
                0x00000000       0x22 C:/ST/STM32CubeIDE_1.14.1/STM32CubeIDE/plugins/com.st.stm32cube.ide.mcu.externaltools.gnu-tools-for-stm32.12.3.rel1.win32_1.0.100.202403111256/tools/bin/../lib/gcc/arm-none-eabi/12.3.1/thumb/v7e-m+fp/hard/crti.o
 .ARM.attributes
                0x00000022       0x34 C:/ST/STM32CubeIDE_1.14.1/STM32CubeIDE/plugins/com.st.stm32cube.ide.mcu.externaltools.gnu-tools-for-stm32.12.3.rel1.win32_1.0.100.202403111256/tools/bin/../lib/gcc/arm-none-eabi/12.3.1/thumb/v7e-m+fp/hard/crtbegin.o
 .ARM.attributes
                0x00000056       0x34 ./Core/Src/HC-SR04.o
 .ARM.attributes
                0x0000008a       0x34 ./Core/Src/gpio.o
 .ARM.attributes
                0x000000be       0x34 ./Core/Src/main.o
 .ARM.attributes
                0x000000f2       0x34 ./Core/Src/stepper.o
 .ARM.attributes
                0x00000126       0x34 ./Core/Src/stm32l4xx_hal_msp.o
 .ARM.attributes
                0x0000015a       0x34 ./Core/Src/stm32l4xx_it.o
 .ARM.attributes
                0x0000018e       0x34 ./Core/Src/system_stm32l4xx.o
 .ARM.attributes
                0x000001c2       0x34 ./Core/Src/tim.o
 .ARM.attributes
                0x000001f6       0x34 ./Core/Src/usart.o
 .ARM.attributes
                0x0000022a       0x21 ./Core/Startup/startup_stm32l476rgtx.o
 .ARM.attributes
                0x0000024b       0x34 ./Drivers/STM32L4xx_HAL_Driver/Src/stm32l4xx_hal.o
 .ARM.attributes
                0x0000027f       0x34 ./Drivers/STM32L4xx_HAL_Driver/Src/stm32l4xx_hal_cortex.o
 .ARM.attributes
                0x000002b3       0x34 ./Drivers/STM32L4xx_HAL_Driver/Src/stm32l4xx_hal_gpio.o
 .ARM.attributes
                0x000002e7       0x34 ./Drivers/STM32L4xx_HAL_Driver/Src/stm32l4xx_hal_pwr_ex.o
 .ARM.attributes
                0x0000031b       0x34 ./Drivers/STM32L4xx_HAL_Driver/Src/stm32l4xx_hal_rcc.o
 .ARM.attributes
                0x0000034f       0x34 ./Drivers/STM32L4xx_HAL_Driver/Src/stm32l4xx_hal_rcc_ex.o
 .ARM.attributes
                0x00000383       0x34 ./Drivers/STM32L4xx_HAL_Driver/Src/stm32l4xx_hal_tim.o
 .ARM.attributes
                0x000003b7       0x34 ./Drivers/STM32L4xx_HAL_Driver/Src/stm32l4xx_hal_tim_ex.o
 .ARM.attributes
                0x000003eb       0x34 ./Drivers/STM32L4xx_HAL_Driver/Src/stm32l4xx_hal_uart.o
 .ARM.attributes
                0x0000041f       0x34 C:/ST/STM32CubeIDE_1.14.1/STM32CubeIDE/plugins/com.st.stm32cube.ide.mcu.externaltools.gnu-tools-for-stm32.12.3.rel1.win32_1.0.100.202403111256/tools/bin/../lib/gcc/arm-none-eabi/12.3.1/../../../../arm-none-eabi/lib/thumb/v7e-m+fp/hard\libc_nano.a(libc_a-memset.o)
 .ARM.attributes
                0x00000453       0x34 C:/ST/STM32CubeIDE_1.14.1/STM32CubeIDE/plugins/com.st.stm32cube.ide.mcu.externaltools.gnu-tools-for-stm32.12.3.rel1.win32_1.0.100.202403111256/tools/bin/../lib/gcc/arm-none-eabi/12.3.1/../../../../arm-none-eabi/lib/thumb/v7e-m+fp/hard\libc_nano.a(libc_a-init.o)
 .ARM.attributes
                0x00000487       0x22 C:/ST/STM32CubeIDE_1.14.1/STM32CubeIDE/plugins/com.st.stm32cube.ide.mcu.externaltools.gnu-tools-for-stm32.12.3.rel1.win32_1.0.100.202403111256/tools/bin/../lib/gcc/arm-none-eabi/12.3.1/thumb/v7e-m+fp/hard\libgcc.a(_aeabi_uldivmod.o)
 .ARM.attributes
                0x000004a9       0x34 C:/ST/STM32CubeIDE_1.14.1/STM32CubeIDE/plugins/com.st.stm32cube.ide.mcu.externaltools.gnu-tools-for-stm32.12.3.rel1.win32_1.0.100.202403111256/tools/bin/../lib/gcc/arm-none-eabi/12.3.1/thumb/v7e-m+fp/hard\libgcc.a(_udivmoddi4.o)
 .ARM.attributes
                0x000004dd       0x22 C:/ST/STM32CubeIDE_1.14.1/STM32CubeIDE/plugins/com.st.stm32cube.ide.mcu.externaltools.gnu-tools-for-stm32.12.3.rel1.win32_1.0.100.202403111256/tools/bin/../lib/gcc/arm-none-eabi/12.3.1/thumb/v7e-m+fp/hard\libgcc.a(_dvmd_tls.o)
 .ARM.attributes
                0x000004ff       0x22 C:/ST/STM32CubeIDE_1.14.1/STM32CubeIDE/plugins/com.st.stm32cube.ide.mcu.externaltools.gnu-tools-for-stm32.12.3.rel1.win32_1.0.100.202403111256/tools/bin/../lib/gcc/arm-none-eabi/12.3.1/thumb/v7e-m+fp/hard/crtn.o
OUTPUT(Sensor.elf elf32-littlearm)
LOAD linker stubs
LOAD C:/ST/STM32CubeIDE_1.14.1/STM32CubeIDE/plugins/com.st.stm32cube.ide.mcu.externaltools.gnu-tools-for-stm32.12.3.rel1.win32_1.0.100.202403111256/tools/bin/../lib/gcc/arm-none-eabi/12.3.1/../../../../arm-none-eabi/lib/thumb/v7e-m+fp/hard\libc.a
LOAD C:/ST/STM32CubeIDE_1.14.1/STM32CubeIDE/plugins/com.st.stm32cube.ide.mcu.externaltools.gnu-tools-for-stm32.12.3.rel1.win32_1.0.100.202403111256/tools/bin/../lib/gcc/arm-none-eabi/12.3.1/../../../../arm-none-eabi/lib/thumb/v7e-m+fp/hard\libm.a
LOAD C:/ST/STM32CubeIDE_1.14.1/STM32CubeIDE/plugins/com.st.stm32cube.ide.mcu.externaltools.gnu-tools-for-stm32.12.3.rel1.win32_1.0.100.202403111256/tools/bin/../lib/gcc/arm-none-eabi/12.3.1/thumb/v7e-m+fp/hard\libgcc.a

.debug_info     0x00000000    0x11045
 .debug_info    0x00000000      0x828 ./Core/Src/HC-SR04.o
 .debug_info    0x00000828      0x473 ./Core/Src/gpio.o
 .debug_info    0x00000c9b      0xb26 ./Core/Src/main.o
 .debug_info    0x000017c1      0xa0c ./Core/Src/stepper.o
 .debug_info    0x000021cd      0x2b9 ./Core/Src/stm32l4xx_hal_msp.o
 .debug_info    0x00002486      0x720 ./Core/Src/stm32l4xx_it.o
 .debug_info    0x00002ba6      0x5b1 ./Core/Src/system_stm32l4xx.o
 .debug_info    0x00003157     0x1011 ./Core/Src/tim.o
 .debug_info    0x00004168      0xd9d ./Core/Src/usart.o
 .debug_info    0x00004f05       0x30 ./Core/Startup/startup_stm32l476rgtx.o
 .debug_info    0x00004f35      0xc09 ./Drivers/STM32L4xx_HAL_Driver/Src/stm32l4xx_hal.o
 .debug_info    0x00005b3e      0xd4c ./Drivers/STM32L4xx_HAL_Driver/Src/stm32l4xx_hal_cortex.o
 .debug_info    0x0000688a      0x757 ./Drivers/STM32L4xx_HAL_Driver/Src/stm32l4xx_hal_gpio.o
 .debug_info    0x00006fe1      0x99e ./Drivers/STM32L4xx_HAL_Driver/Src/stm32l4xx_hal_pwr_ex.o
 .debug_info    0x0000797f      0xc14 ./Drivers/STM32L4xx_HAL_Driver/Src/stm32l4xx_hal_rcc.o
 .debug_info    0x00008593      0xe11 ./Drivers/STM32L4xx_HAL_Driver/Src/stm32l4xx_hal_rcc_ex.o
 .debug_info    0x000093a4     0x2a9a ./Drivers/STM32L4xx_HAL_Driver/Src/stm32l4xx_hal_tim.o
 .debug_info    0x0000be3e     0x169e ./Drivers/STM32L4xx_HAL_Driver/Src/stm32l4xx_hal_tim_ex.o
 .debug_info    0x0000d4dc     0x3b69 ./Drivers/STM32L4xx_HAL_Driver/Src/stm32l4xx_hal_uart.o

.debug_abbrev   0x00000000     0x2604
 .debug_abbrev  0x00000000      0x1d0 ./Core/Src/HC-SR04.o
 .debug_abbrev  0x000001d0      0x152 ./Core/Src/gpio.o
 .debug_abbrev  0x00000322      0x2c6 ./Core/Src/main.o
 .debug_abbrev  0x000005e8      0x1c8 ./Core/Src/stepper.o
 .debug_abbrev  0x000007b0       0xc6 ./Core/Src/stm32l4xx_hal_msp.o
 .debug_abbrev  0x00000876      0x195 ./Core/Src/stm32l4xx_it.o
 .debug_abbrev  0x00000a0b      0x11a ./Core/Src/system_stm32l4xx.o
 .debug_abbrev  0x00000b25      0x25c ./Core/Src/tim.o
 .debug_abbrev  0x00000d81      0x1f5 ./Core/Src/usart.o
 .debug_abbrev  0x00000f76       0x24 ./Core/Startup/startup_stm32l476rgtx.o
 .debug_abbrev  0x00000f9a      0x243 ./Drivers/STM32L4xx_HAL_Driver/Src/stm32l4xx_hal.o
 .debug_abbrev  0x000011dd      0x327 ./Drivers/STM32L4xx_HAL_Driver/Src/stm32l4xx_hal_cortex.o
 .debug_abbrev  0x00001504      0x1cb ./Drivers/STM32L4xx_HAL_Driver/Src/stm32l4xx_hal_gpio.o
 .debug_abbrev  0x000016cf      0x1f9 ./Drivers/STM32L4xx_HAL_Driver/Src/stm32l4xx_hal_pwr_ex.o
 .debug_abbrev  0x000018c8      0x2cb ./Drivers/STM32L4xx_HAL_Driver/Src/stm32l4xx_hal_rcc.o
 .debug_abbrev  0x00001b93      0x2a6 ./Drivers/STM32L4xx_HAL_Driver/Src/stm32l4xx_hal_rcc_ex.o
 .debug_abbrev  0x00001e39      0x278 ./Drivers/STM32L4xx_HAL_Driver/Src/stm32l4xx_hal_tim.o
 .debug_abbrev  0x000020b1      0x283 ./Drivers/STM32L4xx_HAL_Driver/Src/stm32l4xx_hal_tim_ex.o
 .debug_abbrev  0x00002334      0x2d0 ./Drivers/STM32L4xx_HAL_Driver/Src/stm32l4xx_hal_uart.o

.debug_aranges  0x00000000      0xf18
 .debug_aranges
                0x00000000       0x30 ./Core/Src/HC-SR04.o
 .debug_aranges
                0x00000030       0x20 ./Core/Src/gpio.o
 .debug_aranges
                0x00000050       0x38 ./Core/Src/main.o
 .debug_aranges
                0x00000088       0x48 ./Core/Src/stepper.o
 .debug_aranges
                0x000000d0       0x20 ./Core/Src/stm32l4xx_hal_msp.o
 .debug_aranges
                0x000000f0       0x70 ./Core/Src/stm32l4xx_it.o
 .debug_aranges
                0x00000160       0x28 ./Core/Src/system_stm32l4xx.o
 .debug_aranges
                0x00000188       0x58 ./Core/Src/tim.o
 .debug_aranges
                0x000001e0       0x38 ./Core/Src/usart.o
 .debug_aranges
                0x00000218       0x28 ./Core/Startup/startup_stm32l476rgtx.o
 .debug_aranges
                0x00000240      0x130 ./Drivers/STM32L4xx_HAL_Driver/Src/stm32l4xx_hal.o
 .debug_aranges
                0x00000370      0x118 ./Drivers/STM32L4xx_HAL_Driver/Src/stm32l4xx_hal_cortex.o
 .debug_aranges
                0x00000488       0x58 ./Drivers/STM32L4xx_HAL_Driver/Src/stm32l4xx_hal_gpio.o
 .debug_aranges
                0x000004e0      0x160 ./Drivers/STM32L4xx_HAL_Driver/Src/stm32l4xx_hal_pwr_ex.o
 .debug_aranges
                0x00000640       0x90 ./Drivers/STM32L4xx_HAL_Driver/Src/stm32l4xx_hal_rcc.o
 .debug_aranges
                0x000006d0       0xc0 ./Drivers/STM32L4xx_HAL_Driver/Src/stm32l4xx_hal_rcc_ex.o
 .debug_aranges
                0x00000790      0x3e0 ./Drivers/STM32L4xx_HAL_Driver/Src/stm32l4xx_hal_tim.o
 .debug_aranges
                0x00000b70      0x180 ./Drivers/STM32L4xx_HAL_Driver/Src/stm32l4xx_hal_tim_ex.o
 .debug_aranges
                0x00000cf0      0x228 ./Drivers/STM32L4xx_HAL_Driver/Src/stm32l4xx_hal_uart.o

.debug_rnglists
                0x00000000      0xbbc
 .debug_rnglists
                0x00000000       0x20 ./Core/Src/HC-SR04.o
 .debug_rnglists
                0x00000020       0x14 ./Core/Src/gpio.o
 .debug_rnglists
                0x00000034       0x27 ./Core/Src/main.o
 .debug_rnglists
                0x0000005b       0x33 ./Core/Src/stepper.o
 .debug_rnglists
                0x0000008e       0x13 ./Core/Src/stm32l4xx_hal_msp.o
 .debug_rnglists
                0x000000a1       0x4f ./Core/Src/stm32l4xx_it.o
 .debug_rnglists
                0x000000f0       0x1a ./Core/Src/system_stm32l4xx.o
 .debug_rnglists
                0x0000010a       0x40 ./Core/Src/tim.o
 .debug_rnglists
                0x0000014a       0x26 ./Core/Src/usart.o
 .debug_rnglists
                0x00000170       0x19 ./Core/Startup/startup_stm32l476rgtx.o
 .debug_rnglists
                0x00000189       0xdf ./Drivers/STM32L4xx_HAL_Driver/Src/stm32l4xx_hal.o
 .debug_rnglists
                0x00000268       0xce ./Drivers/STM32L4xx_HAL_Driver/Src/stm32l4xx_hal_cortex.o
 .debug_rnglists
                0x00000336       0x3f ./Drivers/STM32L4xx_HAL_Driver/Src/stm32l4xx_hal_gpio.o
 .debug_rnglists
                0x00000375      0x109 ./Drivers/STM32L4xx_HAL_Driver/Src/stm32l4xx_hal_pwr_ex.o
 .debug_rnglists
                0x0000047e       0x6d ./Drivers/STM32L4xx_HAL_Driver/Src/stm32l4xx_hal_rcc.o
 .debug_rnglists
                0x000004eb       0x95 ./Drivers/STM32L4xx_HAL_Driver/Src/stm32l4xx_hal_rcc_ex.o
 .debug_rnglists
                0x00000580      0x328 ./Drivers/STM32L4xx_HAL_Driver/Src/stm32l4xx_hal_tim.o
 .debug_rnglists
                0x000008a8      0x139 ./Drivers/STM32L4xx_HAL_Driver/Src/stm32l4xx_hal_tim_ex.o
 .debug_rnglists
                0x000009e1      0x1db ./Drivers/STM32L4xx_HAL_Driver/Src/stm32l4xx_hal_uart.o

.debug_macro    0x00000000    0x27044
 .debug_macro   0x00000000      0x1fa ./Core/Src/HC-SR04.o
 .debug_macro   0x000001fa      0xab4 ./Core/Src/HC-SR04.o
 .debug_macro   0x00000cae      0x1a7 ./Core/Src/HC-SR04.o
 .debug_macro   0x00000e55       0x2e ./Core/Src/HC-SR04.o
 .debug_macro   0x00000e83       0x28 ./Core/Src/HC-SR04.o
 .debug_macro   0x00000eab       0x22 ./Core/Src/HC-SR04.o
 .debug_macro   0x00000ecd       0x8e ./Core/Src/HC-SR04.o
 .debug_macro   0x00000f5b       0x51 ./Core/Src/HC-SR04.o
 .debug_macro   0x00000fac      0x103 ./Core/Src/HC-SR04.o
 .debug_macro   0x000010af       0x6a ./Core/Src/HC-SR04.o
 .debug_macro   0x00001119      0x1df ./Core/Src/HC-SR04.o
 .debug_macro   0x000012f8       0x1c ./Core/Src/HC-SR04.o
 .debug_macro   0x00001314       0x22 ./Core/Src/HC-SR04.o
 .debug_macro   0x00001336       0xfb ./Core/Src/HC-SR04.o
 .debug_macro   0x00001431     0x1011 ./Core/Src/HC-SR04.o
 .debug_macro   0x00002442      0x11f ./Core/Src/HC-SR04.o
 .debug_macro   0x00002561    0x1a17a ./Core/Src/HC-SR04.o
 .debug_macro   0x0001c6db       0x6d ./Core/Src/HC-SR04.o
 .debug_macro   0x0001c748     0x38e6 ./Core/Src/HC-SR04.o
 .debug_macro   0x0002002e      0x189 ./Core/Src/HC-SR04.o
 .debug_macro   0x000201b7       0x5c ./Core/Src/HC-SR04.o
 .debug_macro   0x00020213     0x159e ./Core/Src/HC-SR04.o
 .debug_macro   0x000217b1      0x5a5 ./Core/Src/HC-SR04.o
 .debug_macro   0x00021d56      0x1b9 ./Core/Src/HC-SR04.o
 .debug_macro   0x00021f0f      0x18b ./Core/Src/HC-SR04.o
 .debug_macro   0x0002209a      0x26b ./Core/Src/HC-SR04.o
 .debug_macro   0x00022305      0x23d ./Core/Src/HC-SR04.o
 .debug_macro   0x00022542      0x241 ./Core/Src/HC-SR04.o
 .debug_macro   0x00022783      0x37c ./Core/Src/HC-SR04.o
 .debug_macro   0x00022aff       0xd6 ./Core/Src/HC-SR04.o
 .debug_macro   0x00022bd5      0x122 ./Core/Src/HC-SR04.o
 .debug_macro   0x00022cf7      0x3ef ./Core/Src/HC-SR04.o
 .debug_macro   0x000230e6      0xa98 ./Core/Src/HC-SR04.o
 .debug_macro   0x00023b7e      0x1e6 ./Core/Src/HC-SR04.o
 .debug_macro   0x00023d64      0x5cf ./Core/Src/HC-SR04.o
 .debug_macro   0x00024333       0x44 ./Core/Src/HC-SR04.o
 .debug_macro   0x00024377      0x330 ./Core/Src/HC-SR04.o
 .debug_macro   0x000246a7       0x3a ./Core/Src/HC-SR04.o
 .debug_macro   0x000246e1       0x88 ./Core/Src/HC-SR04.o
 .debug_macro   0x00024769      0x1e2 ./Core/Src/gpio.o
 .debug_macro   0x0002494b      0x2d9 ./Core/Src/main.o
 .debug_macro   0x00024c24       0x22 ./Core/Src/main.o
 .debug_macro   0x00024c46       0x2a ./Core/Src/main.o
 .debug_macro   0x00024c70       0x61 ./Core/Src/main.o
 .debug_macro   0x00024cd1       0x43 ./Core/Src/main.o
 .debug_macro   0x00024d14       0x34 ./Core/Src/main.o
 .debug_macro   0x00024d48       0x16 ./Core/Src/main.o
 .debug_macro   0x00024d5e       0x35 ./Core/Src/main.o
 .debug_macro   0x00024d93       0x16 ./Core/Src/main.o
 .debug_macro   0x00024da9       0x43 ./Core/Src/main.o
 .debug_macro   0x00024dec       0x34 ./Core/Src/main.o
 .debug_macro   0x00024e20       0x10 ./Core/Src/main.o
 .debug_macro   0x00024e30       0x58 ./Core/Src/main.o
 .debug_macro   0x00024e88       0x8e ./Core/Src/main.o
 .debug_macro   0x00024f16       0x1c ./Core/Src/main.o
 .debug_macro   0x00024f32      0x177 ./Core/Src/main.o
 .debug_macro   0x000250a9      0x369 ./Core/Src/main.o
 .debug_macro   0x00025412       0x16 ./Core/Src/main.o
 .debug_macro   0x00025428       0x29 ./Core/Src/main.o
 .debug_macro   0x00025451      0x1d8 ./Core/Src/stepper.o
 .debug_macro   0x00025629      0x1d8 ./Core/Src/stm32l4xx_hal_msp.o
 .debug_macro   0x00025801      0x1e2 ./Core/Src/stm32l4xx_it.o
 .debug_macro   0x000259e3      0x1c0 ./Core/Src/system_stm32l4xx.o
 .debug_macro   0x00025ba3      0x1e2 ./Core/Src/tim.o
 .debug_macro   0x00025d85      0x1e2 ./Core/Src/usart.o
 .debug_macro   0x00025f67      0x20e ./Drivers/STM32L4xx_HAL_Driver/Src/stm32l4xx_hal.o
 .debug_macro   0x00026175      0x1c0 ./Drivers/STM32L4xx_HAL_Driver/Src/stm32l4xx_hal_cortex.o
 .debug_macro   0x00026335      0x1c7 ./Drivers/STM32L4xx_HAL_Driver/Src/stm32l4xx_hal_gpio.o
 .debug_macro   0x000264fc      0x1e4 ./Drivers/STM32L4xx_HAL_Driver/Src/stm32l4xx_hal_pwr_ex.o
 .debug_macro   0x000266e0      0x202 ./Drivers/STM32L4xx_HAL_Driver/Src/stm32l4xx_hal_rcc.o
 .debug_macro   0x000268e2      0x1f6 ./Drivers/STM32L4xx_HAL_Driver/Src/stm32l4xx_hal_rcc_ex.o
 .debug_macro   0x00026ad8      0x1c1 ./Drivers/STM32L4xx_HAL_Driver/Src/stm32l4xx_hal_tim.o
 .debug_macro   0x00026c99      0x1c0 ./Drivers/STM32L4xx_HAL_Driver/Src/stm32l4xx_hal_tim_ex.o
 .debug_macro   0x00026e59      0x1eb ./Drivers/STM32L4xx_HAL_Driver/Src/stm32l4xx_hal_uart.o

.debug_line     0x00000000    0x12dc2
 .debug_line    0x00000000      0x7e5 ./Core/Src/HC-SR04.o
 .debug_line    0x000007e5      0x78e ./Core/Src/gpio.o
 .debug_line    0x00000f73      0x9c8 ./Core/Src/main.o
 .debug_line    0x0000193b      0x888 ./Core/Src/stepper.o
 .debug_line    0x000021c3      0x75c ./Core/Src/stm32l4xx_hal_msp.o
 .debug_line    0x0000291f      0x84f ./Core/Src/stm32l4xx_it.o
 .debug_line    0x0000316e      0x7ea ./Core/Src/system_stm32l4xx.o
 .debug_line    0x00003958      0x8f5 ./Core/Src/tim.o
 .debug_line    0x0000424d      0x823 ./Core/Src/usart.o
 .debug_line    0x00004a70       0x7a ./Core/Startup/startup_stm32l476rgtx.o
 .debug_line    0x00004aea      0xb46 ./Drivers/STM32L4xx_HAL_Driver/Src/stm32l4xx_hal.o
 .debug_line    0x00005630      0xce4 ./Drivers/STM32L4xx_HAL_Driver/Src/stm32l4xx_hal_cortex.o
 .debug_line    0x00006314      0xbd1 ./Drivers/STM32L4xx_HAL_Driver/Src/stm32l4xx_hal_gpio.o
 .debug_line    0x00006ee5      0xd37 ./Drivers/STM32L4xx_HAL_Driver/Src/stm32l4xx_hal_pwr_ex.o
 .debug_line    0x00007c1c      0xfbc ./Drivers/STM32L4xx_HAL_Driver/Src/stm32l4xx_hal_rcc.o
 .debug_line    0x00008bd8     0x1530 ./Drivers/STM32L4xx_HAL_Driver/Src/stm32l4xx_hal_rcc_ex.o
 .debug_line    0x0000a108     0x3e3d ./Drivers/STM32L4xx_HAL_Driver/Src/stm32l4xx_hal_tim.o
 .debug_line    0x0000df45     0x1c4e ./Drivers/STM32L4xx_HAL_Driver/Src/stm32l4xx_hal_tim_ex.o
 .debug_line    0x0000fb93     0x322f ./Drivers/STM32L4xx_HAL_Driver/Src/stm32l4xx_hal_uart.o

.debug_str      0x00000000    0xf1d98
 .debug_str     0x00000000    0xea57d ./Core/Src/HC-SR04.o
                              0xea8ee (size before relaxing)
 .debug_str     0x000ea57d      0x1af ./Core/Src/gpio.o
                              0xea50f (size before relaxing)
 .debug_str     0x000ea72c     0x3554 ./Core/Src/main.o
                              0xeddaf (size before relaxing)
 .debug_str     0x000edc80       0xb5 ./Core/Src/stepper.o
                              0xea9f6 (size before relaxing)
 .debug_str     0x000edd35       0x2c ./Core/Src/stm32l4xx_hal_msp.o
                              0xea43f (size before relaxing)
 .debug_str     0x000edd61      0x10b ./Core/Src/stm32l4xx_it.o
                              0xea8d2 (size before relaxing)
 .debug_str     0x000ede6c       0xfc ./Core/Src/system_stm32l4xx.o
                              0xea233 (size before relaxing)
 .debug_str     0x000edf68      0x6af ./Core/Src/tim.o
                              0xeb1b2 (size before relaxing)
 .debug_str     0x000ee617      0x518 ./Core/Src/usart.o
                              0xeac7d (size before relaxing)
 .debug_str     0x000eeb2f       0x44 ./Core/Startup/startup_stm32l476rgtx.o
                                 0x8a (size before relaxing)
 .debug_str     0x000eeb73      0x69b ./Drivers/STM32L4xx_HAL_Driver/Src/stm32l4xx_hal.o
                              0xeae32 (size before relaxing)
 .debug_str     0x000ef20e      0x313 ./Drivers/STM32L4xx_HAL_Driver/Src/stm32l4xx_hal_cortex.o
                              0xeaa7a (size before relaxing)
 .debug_str     0x000ef521      0x112 ./Drivers/STM32L4xx_HAL_Driver/Src/stm32l4xx_hal_gpio.o
                              0xea3ac (size before relaxing)
 .debug_str     0x000ef633      0x4e3 ./Drivers/STM32L4xx_HAL_Driver/Src/stm32l4xx_hal_pwr_ex.o
                              0xea78e (size before relaxing)
 .debug_str     0x000efb16      0x330 ./Drivers/STM32L4xx_HAL_Driver/Src/stm32l4xx_hal_rcc.o
                              0xea879 (size before relaxing)
 .debug_str     0x000efe46      0x3bf ./Drivers/STM32L4xx_HAL_Driver/Src/stm32l4xx_hal_rcc_ex.o
                              0xea9f2 (size before relaxing)
 .debug_str     0x000f0205      0xd41 ./Drivers/STM32L4xx_HAL_Driver/Src/stm32l4xx_hal_tim.o
                              0xeb573 (size before relaxing)
 .debug_str     0x000f0f46      0x588 ./Drivers/STM32L4xx_HAL_Driver/Src/stm32l4xx_hal_tim_ex.o
                              0xeae87 (size before relaxing)
 .debug_str     0x000f14ce      0x8ca ./Drivers/STM32L4xx_HAL_Driver/Src/stm32l4xx_hal_uart.o
                              0xeaf8b (size before relaxing)

.comment        0x00000000       0x43
 .comment       0x00000000       0x43 ./Core/Src/HC-SR04.o
                                 0x44 (size before relaxing)
 .comment       0x00000043       0x44 ./Core/Src/gpio.o
 .comment       0x00000043       0x44 ./Core/Src/main.o
 .comment       0x00000043       0x44 ./Core/Src/stepper.o
 .comment       0x00000043       0x44 ./Core/Src/stm32l4xx_hal_msp.o
 .comment       0x00000043       0x44 ./Core/Src/stm32l4xx_it.o
 .comment       0x00000043       0x44 ./Core/Src/system_stm32l4xx.o
 .comment       0x00000043       0x44 ./Core/Src/tim.o
 .comment       0x00000043       0x44 ./Core/Src/usart.o
 .comment       0x00000043       0x44 ./Drivers/STM32L4xx_HAL_Driver/Src/stm32l4xx_hal.o
 .comment       0x00000043       0x44 ./Drivers/STM32L4xx_HAL_Driver/Src/stm32l4xx_hal_cortex.o
 .comment       0x00000043       0x44 ./Drivers/STM32L4xx_HAL_Driver/Src/stm32l4xx_hal_gpio.o
 .comment       0x00000043       0x44 ./Drivers/STM32L4xx_HAL_Driver/Src/stm32l4xx_hal_pwr_ex.o
 .comment       0x00000043       0x44 ./Drivers/STM32L4xx_HAL_Driver/Src/stm32l4xx_hal_rcc.o
 .comment       0x00000043       0x44 ./Drivers/STM32L4xx_HAL_Driver/Src/stm32l4xx_hal_rcc_ex.o
 .comment       0x00000043       0x44 ./Drivers/STM32L4xx_HAL_Driver/Src/stm32l4xx_hal_tim.o
 .comment       0x00000043       0x44 ./Drivers/STM32L4xx_HAL_Driver/Src/stm32l4xx_hal_tim_ex.o
 .comment       0x00000043       0x44 ./Drivers/STM32L4xx_HAL_Driver/Src/stm32l4xx_hal_uart.o

.debug_frame    0x00000000     0x3e44
 .debug_frame   0x00000000       0x70 ./Core/Src/HC-SR04.o
 .debug_frame   0x00000070       0x34 ./Core/Src/gpio.o
 .debug_frame   0x000000a4       0x94 ./Core/Src/main.o
 .debug_frame   0x00000138       0xec ./Core/Src/stepper.o
 .debug_frame   0x00000224       0x38 ./Core/Src/stm32l4xx_hal_msp.o
 .debug_frame   0x0000025c      0x13c ./Core/Src/stm32l4xx_it.o
 .debug_frame   0x00000398       0x58 ./Core/Src/system_stm32l4xx.o
 .debug_frame   0x000003f0      0x138 ./Core/Src/tim.o
 .debug_frame   0x00000528       0x9c ./Core/Src/usart.o
 .debug_frame   0x000005c4      0x498 ./Drivers/STM32L4xx_HAL_Driver/Src/stm32l4xx_hal.o
 .debug_frame   0x00000a5c      0x498 ./Drivers/STM32L4xx_HAL_Driver/Src/stm32l4xx_hal_cortex.o
 .debug_frame   0x00000ef4      0x14c ./Drivers/STM32L4xx_HAL_Driver/Src/stm32l4xx_hal_gpio.o
 .debug_frame   0x00001040      0x584 ./Drivers/STM32L4xx_HAL_Driver/Src/stm32l4xx_hal_pwr_ex.o
 .debug_frame   0x000015c4      0x21c ./Drivers/STM32L4xx_HAL_Driver/Src/stm32l4xx_hal_rcc.o
 .debug_frame   0x000017e0      0x2fc ./Drivers/STM32L4xx_HAL_Driver/Src/stm32l4xx_hal_rcc_ex.o
 .debug_frame   0x00001adc     0x1218 ./Drivers/STM32L4xx_HAL_Driver/Src/stm32l4xx_hal_tim.o
 .debug_frame   0x00002cf4      0x6b0 ./Drivers/STM32L4xx_HAL_Driver/Src/stm32l4xx_hal_tim_ex.o
 .debug_frame   0x000033a4      0x9f4 ./Drivers/STM32L4xx_HAL_Driver/Src/stm32l4xx_hal_uart.o
 .debug_frame   0x00003d98       0x20 C:/ST/STM32CubeIDE_1.14.1/STM32CubeIDE/plugins/com.st.stm32cube.ide.mcu.externaltools.gnu-tools-for-stm32.12.3.rel1.win32_1.0.100.202403111256/tools/bin/../lib/gcc/arm-none-eabi/12.3.1/../../../../arm-none-eabi/lib/thumb/v7e-m+fp/hard\libc_nano.a(libc_a-memset.o)
 .debug_frame   0x00003db8       0x2c C:/ST/STM32CubeIDE_1.14.1/STM32CubeIDE/plugins/com.st.stm32cube.ide.mcu.externaltools.gnu-tools-for-stm32.12.3.rel1.win32_1.0.100.202403111256/tools/bin/../lib/gcc/arm-none-eabi/12.3.1/../../../../arm-none-eabi/lib/thumb/v7e-m+fp/hard\libc_nano.a(libc_a-init.o)
 .debug_frame   0x00003de4       0x2c C:/ST/STM32CubeIDE_1.14.1/STM32CubeIDE/plugins/com.st.stm32cube.ide.mcu.externaltools.gnu-tools-for-stm32.12.3.rel1.win32_1.0.100.202403111256/tools/bin/../lib/gcc/arm-none-eabi/12.3.1/thumb/v7e-m+fp/hard\libgcc.a(_aeabi_uldivmod.o)
 .debug_frame   0x00003e10       0x34 C:/ST/STM32CubeIDE_1.14.1/STM32CubeIDE/plugins/com.st.stm32cube.ide.mcu.externaltools.gnu-tools-for-stm32.12.3.rel1.win32_1.0.100.202403111256/tools/bin/../lib/gcc/arm-none-eabi/12.3.1/thumb/v7e-m+fp/hard\libgcc.a(_udivmoddi4.o)

.debug_line_str
                0x00000000       0x6e
 .debug_line_str
                0x00000000       0x6e ./Core/Startup/startup_stm32l476rgtx.o
