Archive member included to satisfy reference by file (symbol)

C:/ST/STM32CubeIDE_1.15.1/STM32CubeIDE/plugins/com.st.stm32cube.ide.mcu.externaltools.gnu-tools-for-stm32.12.3.rel1.win32_1.0.100.202403111256/tools/bin/../lib/gcc/arm-none-eabi/12.3.1/../../../../arm-none-eabi/lib/thumb/v7e-m+fp/hard\libc_nano.a(libc_a-exit.o)
                              C:/ST/STM32CubeIDE_1.15.1/STM32CubeIDE/plugins/com.st.stm32cube.ide.mcu.externaltools.gnu-tools-for-stm32.12.3.rel1.win32_1.0.100.202403111256/tools/bin/../lib/gcc/arm-none-eabi/12.3.1/../../../../arm-none-eabi/lib/thumb/v7e-m+fp/hard/crt0.o (exit)
C:/ST/STM32CubeIDE_1.15.1/STM32CubeIDE/plugins/com.st.stm32cube.ide.mcu.externaltools.gnu-tools-for-stm32.12.3.rel1.win32_1.0.100.202403111256/tools/bin/../lib/gcc/arm-none-eabi/12.3.1/../../../../arm-none-eabi/lib/thumb/v7e-m+fp/hard\libc_nano.a(libc_a-findfp.o)
                              C:/ST/STM32CubeIDE_1.15.1/STM32CubeIDE/plugins/com.st.stm32cube.ide.mcu.externaltools.gnu-tools-for-stm32.12.3.rel1.win32_1.0.100.202403111256/tools/bin/../lib/gcc/arm-none-eabi/12.3.1/../../../../arm-none-eabi/lib/thumb/v7e-m+fp/hard\libc_nano.a(libc_a-exit.o) (__stdio_exit_handler)
C:/ST/STM32CubeIDE_1.15.1/STM32CubeIDE/plugins/com.st.stm32cube.ide.mcu.externaltools.gnu-tools-for-stm32.12.3.rel1.win32_1.0.100.202403111256/tools/bin/../lib/gcc/arm-none-eabi/12.3.1/../../../../arm-none-eabi/lib/thumb/v7e-m+fp/hard\libc_nano.a(libc_a-fwalk.o)
                              C:/ST/STM32CubeIDE_1.15.1/STM32CubeIDE/plugins/com.st.stm32cube.ide.mcu.externaltools.gnu-tools-for-stm32.12.3.rel1.win32_1.0.100.202403111256/tools/bin/../lib/gcc/arm-none-eabi/12.3.1/../../../../arm-none-eabi/lib/thumb/v7e-m+fp/hard\libc_nano.a(libc_a-findfp.o) (_fwalk_sglue)
C:/ST/STM32CubeIDE_1.15.1/STM32CubeIDE/plugins/com.st.stm32cube.ide.mcu.externaltools.gnu-tools-for-stm32.12.3.rel1.win32_1.0.100.202403111256/tools/bin/../lib/gcc/arm-none-eabi/12.3.1/../../../../arm-none-eabi/lib/thumb/v7e-m+fp/hard\libc_nano.a(libc_a-stdio.o)
                              C:/ST/STM32CubeIDE_1.15.1/STM32CubeIDE/plugins/com.st.stm32cube.ide.mcu.externaltools.gnu-tools-for-stm32.12.3.rel1.win32_1.0.100.202403111256/tools/bin/../lib/gcc/arm-none-eabi/12.3.1/../../../../arm-none-eabi/lib/thumb/v7e-m+fp/hard\libc_nano.a(libc_a-findfp.o) (__sread)
C:/ST/STM32CubeIDE_1.15.1/STM32CubeIDE/plugins/com.st.stm32cube.ide.mcu.externaltools.gnu-tools-for-stm32.12.3.rel1.win32_1.0.100.202403111256/tools/bin/../lib/gcc/arm-none-eabi/12.3.1/../../../../arm-none-eabi/lib/thumb/v7e-m+fp/hard\libc_nano.a(libc_a-memset.o)
                              C:/ST/STM32CubeIDE_1.15.1/STM32CubeIDE/plugins/com.st.stm32cube.ide.mcu.externaltools.gnu-tools-for-stm32.12.3.rel1.win32_1.0.100.202403111256/tools/bin/../lib/gcc/arm-none-eabi/12.3.1/../../../../arm-none-eabi/lib/thumb/v7e-m+fp/hard/crt0.o (memset)
C:/ST/STM32CubeIDE_1.15.1/STM32CubeIDE/plugins/com.st.stm32cube.ide.mcu.externaltools.gnu-tools-for-stm32.12.3.rel1.win32_1.0.100.202403111256/tools/bin/../lib/gcc/arm-none-eabi/12.3.1/../../../../arm-none-eabi/lib/thumb/v7e-m+fp/hard\libc_nano.a(libc_a-closer.o)
                              C:/ST/STM32CubeIDE_1.15.1/STM32CubeIDE/plugins/com.st.stm32cube.ide.mcu.externaltools.gnu-tools-for-stm32.12.3.rel1.win32_1.0.100.202403111256/tools/bin/../lib/gcc/arm-none-eabi/12.3.1/../../../../arm-none-eabi/lib/thumb/v7e-m+fp/hard\libc_nano.a(libc_a-stdio.o) (_close_r)
C:/ST/STM32CubeIDE_1.15.1/STM32CubeIDE/plugins/com.st.stm32cube.ide.mcu.externaltools.gnu-tools-for-stm32.12.3.rel1.win32_1.0.100.202403111256/tools/bin/../lib/gcc/arm-none-eabi/12.3.1/../../../../arm-none-eabi/lib/thumb/v7e-m+fp/hard\libc_nano.a(libc_a-reent.o)
                              C:/ST/STM32CubeIDE_1.15.1/STM32CubeIDE/plugins/com.st.stm32cube.ide.mcu.externaltools.gnu-tools-for-stm32.12.3.rel1.win32_1.0.100.202403111256/tools/bin/../lib/gcc/arm-none-eabi/12.3.1/../../../../arm-none-eabi/lib/thumb/v7e-m+fp/hard\libc_nano.a(libc_a-closer.o) (errno)
C:/ST/STM32CubeIDE_1.15.1/STM32CubeIDE/plugins/com.st.stm32cube.ide.mcu.externaltools.gnu-tools-for-stm32.12.3.rel1.win32_1.0.100.202403111256/tools/bin/../lib/gcc/arm-none-eabi/12.3.1/../../../../arm-none-eabi/lib/thumb/v7e-m+fp/hard\libc_nano.a(libc_a-impure.o)
                              C:/ST/STM32CubeIDE_1.15.1/STM32CubeIDE/plugins/com.st.stm32cube.ide.mcu.externaltools.gnu-tools-for-stm32.12.3.rel1.win32_1.0.100.202403111256/tools/bin/../lib/gcc/arm-none-eabi/12.3.1/../../../../arm-none-eabi/lib/thumb/v7e-m+fp/hard\libc_nano.a(libc_a-reent.o) (_impure_ptr)
C:/ST/STM32CubeIDE_1.15.1/STM32CubeIDE/plugins/com.st.stm32cube.ide.mcu.externaltools.gnu-tools-for-stm32.12.3.rel1.win32_1.0.100.202403111256/tools/bin/../lib/gcc/arm-none-eabi/12.3.1/../../../../arm-none-eabi/lib/thumb/v7e-m+fp/hard\libc_nano.a(libc_a-lseekr.o)
[...]
Memory Configuration

Name             Origin             Length             Attributes
RAM              0x20000000         0x00018000         xrw
RAM2             0x10000000         0x00008000         xrw
FLASH            0x08000000         0x00100000         xr
*default*        0x00000000         0xffffffff

Linker script and memory map

LOAD C:/ST/STM32CubeIDE_1.15.1/STM32CubeIDE/plugins/com.st.stm32cube.ide.mcu.externaltools.gnu-tools-for-stm32.12.3.rel1.win32_1.0.100.202403111256/tools/bin/../lib/gcc/arm-none-eabi/12.3.1/thumb/v7e-m+fp/hard/crti.o
LOAD C:/ST/STM32CubeIDE_1.15.1/STM32CubeIDE/plugins/com.st.stm32cube.ide.mcu.externaltools.gnu-tools-for-stm32.12.3.rel1.win32_1.0.100.202403111256/tools/bin/../lib/gcc/arm-none-eabi/12.3.1/thumb/v7e-m+fp/hard/crtbegin.o
LOAD C:/ST/STM32CubeIDE_1.15.1/STM32CubeIDE/plugins/com.st.stm32cube.ide.mcu.externaltools.gnu-tools-for-stm32.12.3.rel1.win32_1.0.100.202403111256/tools/bin/../lib/gcc/arm-none-eabi/12.3.1/../../../../arm-none-eabi/lib/thumb/v7e-m+fp/hard/crt0.o
LOAD ./Core/Src/HC-SR04.o
LOAD ./Core/Src/gpio.o
LOAD ./Core/Src/main.o
LOAD ./Core/Src/stm32l4xx_hal_msp.o
LOAD ./Core/Src/stm32l4xx_it.o
LOAD ./Core/Src/syscalls.o
LOAD ./Core/Src/sysmem.o
LOAD ./Core/Src/system_stm32l4xx.o
LOAD ./Core/Src/tim.o
LOAD ./Core/Src/usart.o
LOAD ./Core/Startup/startup_stm32l476rgtx.o
LOAD ./Drivers/STM32L4xx_HAL_Driver/Src/stm32l4xx_hal.o
LOAD ./Drivers/STM32L4xx_HAL_Driver/Src/stm32l4xx_hal_cortex.o
LOAD ./Drivers/STM32L4xx_HAL_Driver/Src/stm32l4xx_hal_dma.o
LOAD ./Drivers/STM32L4xx_HAL_Driver/Src/stm32l4xx_hal_dma_ex.o
LOAD ./Drivers/STM32L4xx_HAL_Driver/Src/stm32l4xx_hal_exti.o
LOAD ./Drivers/STM32L4xx_HAL_Driver/Src/stm32l4xx_hal_flash.o
LOAD ./Drivers/STM32L4xx_HAL_Driver/Src/stm32l4xx_hal_flash_ex.o
LOAD ./Drivers/STM32L4xx_HAL_Driver/Src/stm32l4xx_hal_flash_ramfunc.o
LOAD ./Drivers/STM32L4xx_HAL_Driver/Src/stm32l4xx_hal_gpio.o
LOAD ./Drivers/STM32L4xx_HAL_Driver/Src/stm32l4xx_hal_i2c.o
LOAD ./Drivers/STM32L4xx_HAL_Driver/Src/stm32l4xx_hal_i2c_ex.o
LOAD ./Drivers/STM32L4xx_HAL_Driver/Src/stm32l4xx_hal_pwr.o
LOAD ./Drivers/STM32L4xx_HAL_Driver/Src/stm32l4xx_hal_pwr_ex.o
LOAD ./Drivers/STM32L4xx_HAL_Driver/Src/stm32l4xx_hal_rcc.o
LOAD ./Drivers/STM32L4xx_HAL_Driver/Src/stm32l4xx_hal_rcc_ex.o
LOAD ./Drivers/STM32L4xx_HAL_Driver/Src/stm32l4xx_hal_tim.o
LOAD ./Drivers/STM32L4xx_HAL_Driver/Src/stm32l4xx_hal_tim_ex.o
LOAD ./Drivers/STM32L4xx_HAL_Driver/Src/stm32l4xx_hal_uart.o
LOAD ./Drivers/STM32L4xx_HAL_Driver/Src/stm32l4xx_hal_uart_ex.o
START GROUP
LOAD C:/ST/STM32CubeIDE_1.15.1/STM32CubeIDE/plugins/com.st.stm32cube.ide.mcu.externaltools.gnu-tools-for-stm32.12.3.rel1.win32_1.0.100.202403111256/tools/bin/../lib/gcc/arm-none-eabi/12.3.1/../../../../arm-none-eabi/lib/thumb/v7e-m+fp/hard\libc_nano.a
LOAD C:/ST/STM32CubeIDE_1.15.1/STM32CubeIDE/plugins/com.st.stm32cube.ide.mcu.externaltools.gnu-tools-for-stm32.12.3.rel1.win32_1.0.100.202403111256/tools/bin/../lib/gcc/arm-none-eabi/12.3.1/../../../../arm-none-eabi/lib/thumb/v7e-m+fp/hard\libm.a
END GROUP
START GROUP
LOAD C:/ST/STM32CubeIDE_1.15.1/STM32CubeIDE/plugins/com.st.stm32cube.ide.mcu.externaltools.gnu-tools-for-stm32.12.3.rel1.win32_1.0.100.202403111256/tools/bin/../lib/gcc/arm-none-eabi/12.3.1/thumb/v7e-m+fp/hard\libgcc.a
LOAD C:/ST/STM32CubeIDE_1.15.1/STM32CubeIDE/plugins/com.st.stm32cube.ide.mcu.externaltools.gnu-tools-for-stm32.12.3.rel1.win32_1.0.100.202403111256/tools/bin/../lib/gcc/arm-none-eabi/12.3.1/../../../../arm-none-eabi/lib/thumb/v7e-m+fp/hard\libc_nano.a
END GROUP
START GROUP
LOAD C:/ST/STM32CubeIDE_1.15.1/STM32CubeIDE/plugins/com.st.stm32cube.ide.mcu.externaltools.gnu-tools-for-stm32.12.3.rel1.win32_1.0.100.202403111256/tools/bin/../lib/gcc/arm-none-eabi/12.3.1/thumb/v7e-m+fp/hard\libgcc.a
LOAD C:/ST/STM32CubeIDE_1.15.1/STM32CubeIDE/plugins/com.st.stm32cube.ide.mcu.externaltools.gnu-tools-for-stm32.12.3.rel1.win32_1.0.100.202403111256/tools/bin/../lib/gcc/arm-none-eabi/12.3.1/../../../../arm-none-eabi/lib/thumb/v7e-m+fp/hard\libc_nano.a
LOAD C:/ST/STM32CubeIDE_1.15.1/STM32CubeIDE/plugins/com.st.stm32cube.ide.mcu.externaltools.gnu-tools-for-stm32.12.3.rel1.win32_1.0.100.202403111256/tools/bin/../lib/gcc/arm-none-eabi/12.3.1/../../../../arm-none-eabi/lib/thumb/v7e-m+fp/hard\libnosys.a
END GROUP
START GROUP
LOAD C:/ST/STM32CubeIDE_1.15.1/STM32CubeIDE/plugins/com.st.stm32cube.ide.mcu.externaltools.gnu-tools-for-stm32.12.3.rel1.win32_1.0.100.202403111256/tools/bin/../lib/gcc/arm-none-eabi/12.3.1/thumb/v7e-m+fp/hard\libgcc.a
LOAD C:/ST/STM32CubeIDE_1.15.1/STM32CubeIDE/plugins/com.st.stm32cube.ide.mcu.externaltools.gnu-tools-for-stm32.12.3.rel1.win32_1.0.100.202403111256/tools/bin/../lib/gcc/arm-none-eabi/12.3.1/../../../../arm-none-eabi/lib/thumb/v7e-m+fp/hard\libc_nano.a
LOAD C:/ST/STM32CubeIDE_1.15.1/STM32CubeIDE/plugins/com.st.stm32cube.ide.mcu.externaltools.gnu-tools-for-stm32.12.3.rel1.win32_1.0.100.202403111256/tools/bin/../lib/gcc/arm-none-eabi/12.3.1/../../../../arm-none-eabi/lib/thumb/v7e-m+fp/hard\libnosys.a
END GROUP
LOAD C:/ST/STM32CubeIDE_1.15.1/STM32CubeIDE/plugins/com.st.stm32cube.ide.mcu.externaltools.gnu-tools-for-stm32.12.3.rel1.win32_1.0.100.202403111256/tools/bin/../lib/gcc/arm-none-eabi/12.3.1/thumb/v7e-m+fp/hard/crtend.o
LOAD C:/ST/STM32CubeIDE_1.15.1/STM32CubeIDE/plugins/com.st.stm32cube.ide.mcu.externaltools.gnu-tools-for-stm32.12.3.rel1.win32_1.0.100.202403111256/tools/bin/../lib/gcc/arm-none-eabi/12.3.1/thumb/v7e-m+fp/hard/crtn.o
                0x20018000                        _estack = (ORIGIN (RAM) + LENGTH (RAM))
                0x00000200                        _Min_Heap_Size = 0x200
                0x00000400                        _Min_Stack_Size = 0x400

.isr_vector     0x08000000      0x188
                0x08000000                        . = ALIGN (0x4)
 *(.isr_vector)
 .isr_vector    0x08000000      0x188 ./Core/Startup/startup_stm32l476rgtx.o
                0x08000000                g_pfnVectors
                0x08000188                        . = ALIGN (0x4)

.text           0x08000188     0x3750
                0x08000188                        . = ALIGN (0x4)
 *(.text)
 .text          0x08000188       0x40 C:/ST/STM32CubeIDE_1.15.1/STM32CubeIDE/plugins/com.st.stm32cube.ide.mcu.externaltools.gnu-tools-for-stm32.12.3.rel1.win32_1.0.100.202403111256/tools/bin/../lib/gcc/arm-none-eabi/12.3.1/thumb/v7e-m+fp/hard/crtbegin.o
 .text          0x080001c8       0x30 C:/ST/STM32CubeIDE_1.15.1/STM32CubeIDE/plugins/com.st.stm32cube.ide.mcu.externaltools.gnu-tools-for-stm32.12.3.rel1.win32_1.0.100.202403111256/tools/bin/../lib/gcc/arm-none-eabi/12.3.1/thumb/v7e-m+fp/hard\libgcc.a(_aeabi_uldivmod.o)
                0x080001c8                __aeabi_uldivmod
 .text          0x080001f8      0x2bc C:/ST/STM32CubeIDE_1.15.1/STM32CubeIDE/plugins/com.st.stm32cube.ide.mcu.externaltools.gnu-tools-for-stm32.12.3.rel1.win32_1.0.100.202403111256/tools/bin/../lib/gcc/arm-none-eabi/12.3.1/thumb/v7e-m+fp/hard\libgcc.a(_udivmoddi4.o)
                0x080001f8                __udivmoddi4
 .text          0x080004b4        0x4 C:/ST/STM32CubeIDE_1.15.1/STM32CubeIDE/plugins/com.st.stm32cube.ide.mcu.externaltools.gnu-tools-for-stm32.12.3.rel1.win32_1.0.100.202403111256/tools/bin/../lib/gcc/arm-none-eabi/12.3.1/thumb/v7e-m+fp/hard\libgcc.a(_dvmd_tls.o)
                0x080004b4                __aeabi_idiv0
                0x080004b4                __aeabi_ldiv0
 *(.text*)
 .text.delay_us
                0x080004b8       0x34 ./Core/Src/HC-SR04.o
                0x080004b8                delay_us
 .text.Sensor_trigger
                0x080004ec       0x2a ./Core/Src/HC-SR04.o
                0x080004ec                Sensor_trigger
 *fill*         0x08000516        0x2 
 .text.Sensor_get_distance
                0x08000518       0x84 ./Core/Src/HC-SR04.o
                0x08000518                Sensor_get_distance
 .text.MX_GPIO_Init
                0x0800059c       0xec ./Core/Src/gpio.o
                0x0800059c                MX_GPIO_Init
 .text.main     0x08000688       0x34 ./Core/Src/main.o
                0x08000688                main
 .text.SystemClock_Config
                0x080006bc       0xa2 ./Core/Src/main.o
                0x080006bc                SystemClock_Config
 .text.Error_Handler
                0x0800075e        0xc ./Core/Src/main.o
                0x0800075e                Error_Handler
 *fill*         0x0800076a        0x2 
 .text.HAL_MspInit
                0x0800076c       0x48 ./Core/Src/stm32l4xx_hal_msp.o
                0x0800076c                HAL_MspInit
 .text.NMI_Handler
                0x080007b4        0x8 ./Core/Src/stm32l4xx_it.o
                0x080007b4                NMI_Handler
 .text.HardFault_Handler
                0x080007bc        0x8 ./Core/Src/stm32l4xx_it.o
                0x080007bc                HardFault_Handler
 .text.MemManage_Handler
                0x080007c4        0x8 ./Core/Src/stm32l4xx_it.o
                0x080007c4                MemManage_Handler
 .text.BusFault_Handler
                0x080007cc        0x8 ./Core/Src/stm32l4xx_it.o
                0x080007cc                BusFault_Handler
 .text.UsageFault_Handler
                0x080007d4        0x8 ./Core/Src/stm32l4xx_it.o
                0x080007d4                UsageFault_Handler
 .text.SVC_Handler
                0x080007dc        0xe ./Core/Src/stm32l4xx_it.o
                0x080007dc                SVC_Handler
 .text.DebugMon_Handler
                0x080007ea        0xe ./Core/Src/stm32l4xx_it.o
                0x080007ea                DebugMon_Handler
 .text.PendSV_Handler
                0x080007f8        0xe ./Core/Src/stm32l4xx_it.o
                0x080007f8                PendSV_Handler
 .text.SysTick_Handler
                0x08000806        0xc ./Core/Src/stm32l4xx_it.o
                0x08000806                SysTick_Handler
 *fill*         0x08000812        0x2 
 .text.TIM7_IRQHandler
                0x08000814       0x14 ./Core/Src/stm32l4xx_it.o
                0x08000814                TIM7_IRQHandler
 .text.SystemInit
                0x08000828       0x24 ./Core/Src/system_stm32l4xx.o
                0x08000828                SystemInit
 .text.MX_TIM7_Init
                0x0800084c       0x6c ./Core/Src/tim.o
                0x0800084c                MX_TIM7_Init
 .text.HAL_TIM_Base_MspInit
                0x080008b8       0x4c ./Core/Src/tim.o
                0x080008b8                HAL_TIM_Base_MspInit
 .text.MX_USART2_UART_Init
                0x08000904       0x60 ./Core/Src/usart.o
                0x08000904                MX_USART2_UART_Init
 .text.HAL_UART_MspInit
                0x08000964       0xb8 ./Core/Src/usart.o
                0x08000964                HAL_UART_MspInit
 .text.Reset_Handler
                0x08000a1c       0x50 ./Core/Startup/startup_stm32l476rgtx.o
                0x08000a1c                Reset_Handler
 .text.Default_Handler
                0x08000a6c        0x2 ./Core/Startup/startup_stm32l476rgtx.o
                0x08000a6c                RTC_Alarm_IRQHandler
                0x08000a6c                EXTI2_IRQHandler
                0x08000a6c                TIM8_TRG_COM_IRQHandler
                0x08000a6c                TIM8_CC_IRQHandler
                0x08000a6c                TIM1_CC_IRQHandler
                0x08000a6c                TSC_IRQHandler
                0x08000a6c                TAMP_STAMP_IRQHandler
                0x08000a6c                EXTI3_IRQHandler
                0x08000a6c                LPTIM2_IRQHandler
                0x08000a6c                DFSDM1_FLT1_IRQHandler
                0x08000a6c                I2C3_ER_IRQHandler
                0x08000a6c                DFSDM1_FLT2_IRQHandler
                0x08000a6c                EXTI0_IRQHandler
                0x08000a6c                I2C2_EV_IRQHandler
                0x08000a6c                CAN1_RX0_IRQHandler
                0x08000a6c                FPU_IRQHandler
                0x08000a6c                TIM1_UP_TIM16_IRQHandler
                0x08000a6c                ADC1_2_IRQHandler
                0x08000a6c                SPI1_IRQHandler
                0x08000a6c                TIM6_DAC_IRQHandler
                0x08000a6c                TIM8_UP_IRQHandler
                0x08000a6c                DMA2_Channel2_IRQHandler
                0x08000a6c                DMA1_Channel4_IRQHandler
                0x08000a6c                SAI2_IRQHandler
                0x08000a6c                DFSDM1_FLT3_IRQHandler
                0x08000a6c                USART3_IRQHandler
                0x08000a6c                DMA1_Channel7_IRQHandler
                0x08000a6c                CAN1_RX1_IRQHandler
                0x08000a6c                LCD_IRQHandler
                0x08000a6c                UART5_IRQHandler
                0x08000a6c                ADC3_IRQHandler
                0x08000a6c                TIM4_IRQHandler
                0x08000a6c                DMA2_Channel1_IRQHandler
                0x08000a6c                QUADSPI_IRQHandler
                0x08000a6c                I2C1_EV_IRQHandler
                0x08000a6c                DMA1_Channel6_IRQHandler
                0x08000a6c                UART4_IRQHandler
                0x08000a6c                DMA2_Channel4_IRQHandler
                0x08000a6c                TIM3_IRQHandler
                0x08000a6c                RCC_IRQHandler
                0x08000a6c                DMA1_Channel1_IRQHandler
                0x08000a6c                Default_Handler
                0x08000a6c                DMA2_Channel7_IRQHandler
                0x08000a6c                EXTI15_10_IRQHandler
                0x08000a6c                SDMMC1_IRQHandler
                0x08000a6c                TIM5_IRQHandler
                0x08000a6c                I2C3_EV_IRQHandler
                0x08000a6c                EXTI9_5_IRQHandler
                0x08000a6c                RTC_WKUP_IRQHandler
                0x08000a6c                PVD_PVM_IRQHandler
                0x08000a6c                SPI2_IRQHandler
                0x08000a6c                CAN1_TX_IRQHandler
                0x08000a6c                DMA2_Channel5_IRQHandler
                0x08000a6c                DMA1_Channel5_IRQHandler
                0x08000a6c                EXTI4_IRQHandler
                0x08000a6c                RNG_IRQHandler
                0x08000a6c                TIM1_TRG_COM_TIM17_IRQHandler
                0x08000a6c                DMA1_Channel3_IRQHandler
                0x08000a6c                COMP_IRQHandler
                0x08000a6c                WWDG_IRQHandler
                0x08000a6c                LPUART1_IRQHandler
                0x08000a6c                DMA2_Channel6_IRQHandler
                0x08000a6c                TIM2_IRQHandler
                0x08000a6c                EXTI1_IRQHandler
                0x08000a6c                USART2_IRQHandler
                0x08000a6c                DFSDM1_FLT0_IRQHandler
                0x08000a6c                I2C2_ER_IRQHandler
                0x08000a6c                DMA1_Channel2_IRQHandler
                0x08000a6c                TIM8_BRK_IRQHandler
                0x08000a6c                CAN1_SCE_IRQHandler
                0x08000a6c                FLASH_IRQHandler
                0x08000a6c                USART1_IRQHandler
                0x08000a6c                OTG_FS_IRQHandler
                0x08000a6c                SPI3_IRQHandler
                0x08000a6c                I2C1_ER_IRQHandler
                0x08000a6c                FMC_IRQHandler
                0x08000a6c                SWPMI1_IRQHandler
                0x08000a6c                LPTIM1_IRQHandler
                0x08000a6c                SAI1_IRQHandler
                0x08000a6c                DMA2_Channel3_IRQHandler
                0x08000a6c                TIM1_BRK_TIM15_IRQHandler
 *fill*         0x08000a6e        0x2 
 .text.HAL_Init
                0x08000a70       0x40 ./Drivers/STM32L4xx_HAL_Driver/Src/stm32l4xx_hal.o
                0x08000a70                HAL_Init
 .text.HAL_InitTick
                0x08000ab0       0x78 ./Drivers/STM32L4xx_HAL_Driver/Src/stm32l4xx_hal.o
                0x08000ab0                HAL_InitTick
 .text.HAL_IncTick
                0x08000b28       0x28 ./Drivers/STM32L4xx_HAL_Driver/Src/stm32l4xx_hal.o
                0x08000b28                HAL_IncTick
 .text.HAL_GetTick
                0x08000b50       0x18 ./Drivers/STM32L4xx_HAL_Driver/Src/stm32l4xx_hal.o
                0x08000b50                HAL_GetTick
 .text.HAL_Delay
                0x08000b68       0x48 ./Drivers/STM32L4xx_HAL_Driver/Src/stm32l4xx_hal.o
                0x08000b68                HAL_Delay
 .text.__NVIC_SetPriorityGrouping
                0x08000bb0       0x48 ./Drivers/STM32L4xx_HAL_Driver/Src/stm32l4xx_hal_cortex.o
 .text.__NVIC_GetPriorityGrouping
                0x08000bf8       0x1c ./Drivers/STM32L4xx_HAL_Driver/Src/stm32l4xx_hal_cortex.o
 .text.__NVIC_EnableIRQ
                0x08000c14       0x3c ./Drivers/STM32L4xx_HAL_Driver/Src/stm32l4xx_hal_cortex.o
 .text.__NVIC_SetPriority
                0x08000c50       0x54 ./Drivers/STM32L4xx_HAL_Driver/Src/stm32l4xx_hal_cortex.o
 .text.NVIC_EncodePriority
                0x08000ca4       0x66 ./Drivers/STM32L4xx_HAL_Driver/Src/stm32l4xx_hal_cortex.o
 *fill*         0x08000d0a        0x2 
 .text.SysTick_Config
                0x08000d0c       0x44 ./Drivers/STM32L4xx_HAL_Driver/Src/stm32l4xx_hal_cortex.o
 .text.HAL_NVIC_SetPriorityGrouping
                0x08000d50       0x16 ./Drivers/STM32L4xx_HAL_Driver/Src/stm32l4xx_hal_cortex.o
                0x08000d50                HAL_NVIC_SetPriorityGrouping
 .text.HAL_NVIC_SetPriority
                0x08000d66       0x38 ./Drivers/STM32L4xx_HAL_Driver/Src/stm32l4xx_hal_cortex.o
                0x08000d66                HAL_NVIC_SetPriority
 .text.HAL_NVIC_EnableIRQ
                0x08000d9e       0x1c ./Drivers/STM32L4xx_HAL_Driver/Src/stm32l4xx_hal_cortex.o
                0x08000d9e                HAL_NVIC_EnableIRQ
 .text.HAL_SYSTICK_Config
                0x08000dba       0x18 ./Drivers/STM32L4xx_HAL_Driver/Src/stm32l4xx_hal_cortex.o
                0x08000dba                HAL_SYSTICK_Config
 *fill*         0x08000dd2        0x2 
 .text.HAL_GPIO_Init
                0x08000dd4      0x354 ./Drivers/STM32L4xx_HAL_Driver/Src/stm32l4xx_hal_gpio.o
                0x08000dd4                HAL_GPIO_Init
 .text.HAL_GPIO_ReadPin
                0x08001128       0x30 ./Drivers/STM32L4xx_HAL_Driver/Src/stm32l4xx_hal_gpio.o
                0x08001128                HAL_GPIO_ReadPin
 .text.HAL_GPIO_WritePin
                0x08001158       0x30 ./Drivers/STM32L4xx_HAL_Driver/Src/stm32l4xx_hal_gpio.o
                0x08001158                HAL_GPIO_WritePin
 .text.HAL_PWREx_GetVoltageRange
                0x08001188       0x1c ./Drivers/STM32L4xx_HAL_Driver/Src/stm32l4xx_hal_pwr_ex.o
                0x08001188                HAL_PWREx_GetVoltageRange
 .text.HAL_PWREx_ControlVoltageScaling
                0x080011a4       0xac ./Drivers/STM32L4xx_HAL_Driver/Src/stm32l4xx_hal_pwr_ex.o
                0x080011a4                HAL_PWREx_ControlVoltageScaling
 .text.HAL_RCC_OscConfig
                0x08001250      0x7b8 ./Drivers/STM32L4xx_HAL_Driver/Src/stm32l4xx_hal_rcc.o
                0x08001250                HAL_RCC_OscConfig
 .text.HAL_RCC_ClockConfig
                0x08001a08      0x200 ./Drivers/STM32L4xx_HAL_Driver/Src/stm32l4xx_hal_rcc.o
                0x08001a08                HAL_RCC_ClockConfig
 .text.HAL_RCC_GetSysClockFreq
                0x08001c08      0x118 ./Drivers/STM32L4xx_HAL_Driver/Src/stm32l4xx_hal_rcc.o
                0x08001c08                HAL_RCC_GetSysClockFreq
 .text.HAL_RCC_GetHCLKFreq
                0x08001d20       0x18 ./Drivers/STM32L4xx_HAL_Driver/Src/stm32l4xx_hal_rcc.o
                0x08001d20                HAL_RCC_GetHCLKFreq
 .text.HAL_RCC_GetPCLK1Freq
                0x08001d38       0x2c ./Drivers/STM32L4xx_HAL_Driver/Src/stm32l4xx_hal_rcc.o
                0x08001d38                HAL_RCC_GetPCLK1Freq
 .text.HAL_RCC_GetPCLK2Freq
                0x08001d64       0x2c ./Drivers/STM32L4xx_HAL_Driver/Src/stm32l4xx_hal_rcc.o
                0x08001d64                HAL_RCC_GetPCLK2Freq
 .text.RCC_SetFlashLatencyFromMSIRange
                0x08001d90       0xc0 ./Drivers/STM32L4xx_HAL_Driver/Src/stm32l4xx_hal_rcc.o
 .text.HAL_RCCEx_PeriphCLKConfig
                0x08001e50      0x5d4 ./Drivers/STM32L4xx_HAL_Driver/Src/stm32l4xx_hal_rcc_ex.o
                0x08001e50                HAL_RCCEx_PeriphCLKConfig
 .text.RCCEx_PLLSAI1_Config
                0x08002424      0x1e8 ./Drivers/STM32L4xx_HAL_Driver/Src/stm32l4xx_hal_rcc_ex.o
 .text.RCCEx_PLLSAI2_Config
                0x0800260c      0x1bc ./Drivers/STM32L4xx_HAL_Driver/Src/stm32l4xx_hal_rcc_ex.o
 .text.HAL_TIM_Base_Init
                0x080027c8       0xae ./Drivers/STM32L4xx_HAL_Driver/Src/stm32l4xx_hal_tim.o
                0x080027c8                HAL_TIM_Base_Init
 *fill*         0x08002876        0x2 
 .text.HAL_TIM_Base_Start
                0x08002878       0xd0 ./Drivers/STM32L4xx_HAL_Driver/Src/stm32l4xx_hal_tim.o
                0x08002878                HAL_TIM_Base_Start
 .text.HAL_TIM_IRQHandler
                0x08002948      0x204 ./Drivers/STM32L4xx_HAL_Driver/Src/stm32l4xx_hal_tim.o
                0x08002948                HAL_TIM_IRQHandler
 .text.HAL_TIM_PeriodElapsedCallback
                0x08002b4c       0x14 ./Drivers/STM32L4xx_HAL_Driver/Src/stm32l4xx_hal_tim.o
                0x08002b4c                HAL_TIM_PeriodElapsedCallback
 .text.HAL_TIM_OC_DelayElapsedCallback
                0x08002b60       0x14 ./Drivers/STM32L4xx_HAL_Driver/Src/stm32l4xx_hal_tim.o
                0x08002b60                HAL_TIM_OC_DelayElapsedCallback
 .text.HAL_TIM_IC_CaptureCallback
                0x08002b74       0x14 ./Drivers/STM32L4xx_HAL_Driver/Src/stm32l4xx_hal_tim.o
                0x08002b74                HAL_TIM_IC_CaptureCallback
 .text.HAL_TIM_PWM_PulseFinishedCallback
                0x08002b88       0x14 ./Drivers/STM32L4xx_HAL_Driver/Src/stm32l4xx_hal_tim.o
                0x08002b88                HAL_TIM_PWM_PulseFinishedCallback
 .text.HAL_TIM_TriggerCallback
                0x08002b9c       0x14 ./Drivers/STM32L4xx_HAL_Driver/Src/stm32l4xx_hal_tim.o
                0x08002b9c                HAL_TIM_TriggerCallback
 .text.TIM_Base_SetConfig
                0x08002bb0      0x134 ./Drivers/STM32L4xx_HAL_Driver/Src/stm32l4xx_hal_tim.o
                0x08002bb0                TIM_Base_SetConfig
 .text.HAL_TIMEx_MasterConfigSynchronization
                0x08002ce4      0x110 ./Drivers/STM32L4xx_HAL_Driver/Src/stm32l4xx_hal_tim_ex.o
                0x08002ce4                HAL_TIMEx_MasterConfigSynchronization
 .text.HAL_TIMEx_CommutCallback
                0x08002df4       0x14 ./Drivers/STM32L4xx_HAL_Driver/Src/stm32l4xx_hal_tim_ex.o
                0x08002df4                HAL_TIMEx_CommutCallback
 .text.HAL_TIMEx_BreakCallback
                0x08002e08       0x14 ./Drivers/STM32L4xx_HAL_Driver/Src/stm32l4xx_hal_tim_ex.o
                0x08002e08                HAL_TIMEx_BreakCallback
 .text.HAL_TIMEx_Break2Callback
                0x08002e1c       0x14 ./Drivers/STM32L4xx_HAL_Driver/Src/stm32l4xx_hal_tim_ex.o
                0x08002e1c                HAL_TIMEx_Break2Callback
 .text.HAL_UART_Init
                0x08002e30       0x9c ./Drivers/STM32L4xx_HAL_Driver/Src/stm32l4xx_hal_uart.o
                0x08002e30                HAL_UART_Init
 .text.UART_SetConfig
                0x08002ecc      0x570 ./Drivers/STM32L4xx_HAL_Driver/Src/stm32l4xx_hal_uart.o
                0x08002ecc                UART_SetConfig
 .text.UART_AdvFeatureConfig
                0x0800343c      0x144 ./Drivers/STM32L4xx_HAL_Driver/Src/stm32l4xx_hal_uart.o
                0x0800343c                UART_AdvFeatureConfig
 .text.UART_CheckIdleState
                0x08003580      0x150 ./Drivers/STM32L4xx_HAL_Driver/Src/stm32l4xx_hal_uart.o
                0x08003580                UART_CheckIdleState
 .text.UART_WaitOnFlagUntilTimeout
                0x080036d0       0xce ./Drivers/STM32L4xx_HAL_Driver/Src/stm32l4xx_hal_uart.o
                0x080036d0                UART_WaitOnFlagUntilTimeout
 .text.UART_EndRxTransfer
                0x0800379e       0xc8 ./Drivers/STM32L4xx_HAL_Driver/Src/stm32l4xx_hal_uart.o
 .text.memset   0x08003866       0x10 C:/ST/STM32CubeIDE_1.15.1/STM32CubeIDE/plugins/com.st.stm32cube.ide.mcu.externaltools.gnu-tools-for-stm32.12.3.rel1.win32_1.0.100.202403111256/tools/bin/../lib/gcc/arm-none-eabi/12.3.1/../../../../arm-none-eabi/lib/thumb/v7e-m+fp/hard\libc_nano.a(libc_a-memset.o)
                0x08003866                memset
 *fill*         0x08003876        0x2 
 .text.__libc_init_array
                0x08003878       0x48 C:/ST/STM32CubeIDE_1.15.1/STM32CubeIDE/plugins/com.st.stm32cube.ide.mcu.externaltools.gnu-tools-for-stm32.12.3.rel1.win32_1.0.100.202403111256/tools/bin/../lib/gcc/arm-none-eabi/12.3.1/../../../../arm-none-eabi/lib/thumb/v7e-m+fp/hard\libc_nano.a(libc_a-init.o)
                0x08003878                __libc_init_array
 *(.glue_7)
 .glue_7        0x080038c0        0x0 linker stubs
 *(.glue_7t)
 .glue_7t       0x080038c0        0x0 linker stubs
 *(.eh_frame)
 .eh_frame      0x080038c0        0x0 C:/ST/STM32CubeIDE_1.15.1/STM32CubeIDE/plugins/com.st.stm32cube.ide.mcu.externaltools.gnu-tools-for-stm32.12.3.rel1.win32_1.0.100.202403111256/tools/bin/../lib/gcc/arm-none-eabi/12.3.1/thumb/v7e-m+fp/hard/crtbegin.o
 *(.init)
 .init          0x080038c0        0x4 C:/ST/STM32CubeIDE_1.15.1/STM32CubeIDE/plugins/com.st.stm32cube.ide.mcu.externaltools.gnu-tools-for-stm32.12.3.rel1.win32_1.0.100.202403111256/tools/bin/../lib/gcc/arm-none-eabi/12.3.1/thumb/v7e-m+fp/hard/crti.o
                0x080038c0                _init
 .init          0x080038c4        0x8 C:/ST/STM32CubeIDE_1.15.1/STM32CubeIDE/plugins/com.st.stm32cube.ide.mcu.externaltools.gnu-tools-for-stm32.12.3.rel1.win32_1.0.100.202403111256/tools/bin/../lib/gcc/arm-none-eabi/12.3.1/thumb/v7e-m+fp/hard/crtn.o
 *(.fini)
 .fini          0x080038cc        0x4 C:/ST/STM32CubeIDE_1.15.1/STM32CubeIDE/plugins/com.st.stm32cube.ide.mcu.externaltools.gnu-tools-for-stm32.12.3.rel1.win32_1.0.100.202403111256/tools/bin/../lib/gcc/arm-none-eabi/12.3.1/thumb/v7e-m+fp/hard/crti.o
                0x080038cc                _fini
 .fini          0x080038d0        0x8 C:/ST/STM32CubeIDE_1.15.1/STM32CubeIDE/plugins/com.st.stm32cube.ide.mcu.externaltools.gnu-tools-for-stm32.12.3.rel1.win32_1.0.100.202403111256/tools/bin/../lib/gcc/arm-none-eabi/12.3.1/thumb/v7e-m+fp/hard/crtn.o
                0x080038d8                        . = ALIGN (0x4)
                0x080038d8                        _etext = .

.vfp11_veneer   0x080038d8        0x0
 .vfp11_veneer  0x080038d8        0x0 linker stubs

.v4_bx          0x080038d8        0x0
 .v4_bx         0x080038d8        0x0 linker stubs

.iplt           0x080038d8        0x0
 .iplt          0x080038d8        0x0 C:/ST/STM32CubeIDE_1.15.1/STM32CubeIDE/plugins/com.st.stm32cube.ide.mcu.externaltools.gnu-tools-for-stm32.12.3.rel1.win32_1.0.100.202403111256/tools/bin/../lib/gcc/arm-none-eabi/12.3.1/thumb/v7e-m+fp/hard/crtbegin.o

.rodata         0x080038d8       0x48
                0x080038d8                        . = ALIGN (0x4)
 *(.rodata)
 *(.rodata*)
 .rodata.AHBPrescTable
                0x080038d8       0x10 ./Core/Src/system_stm32l4xx.o
                0x080038d8                AHBPrescTable
 .rodata.APBPrescTable
                0x080038e8        0x8 ./Core/Src/system_stm32l4xx.o
                0x080038e8                APBPrescTable
 .rodata.MSIRangeTable
                0x080038f0       0x30 ./Core/Src/system_stm32l4xx.o
                0x080038f0                MSIRangeTable
                0x08003920                        . = ALIGN (0x4)

.ARM.extab      0x08003920        0x0
                0x08003920                        . = ALIGN (0x4)
 *(.ARM.extab* .gnu.linkonce.armextab.*)
                0x08003920                        . = ALIGN (0x4)

.ARM            0x08003920        0x8
                0x08003920                        . = ALIGN (0x4)
                0x08003920                        __exidx_start = .
 *(.ARM.exidx*)
 .ARM.exidx     0x08003920        0x8 C:/ST/STM32CubeIDE_1.15.1/STM32CubeIDE/plugins/com.st.stm32cube.ide.mcu.externaltools.gnu-tools-for-stm32.12.3.rel1.win32_1.0.100.202403111256/tools/bin/../lib/gcc/arm-none-eabi/12.3.1/thumb/v7e-m+fp/hard\libgcc.a(_udivmoddi4.o)
                0x08003928                        __exidx_end = .
                0x08003928                        . = ALIGN (0x4)

.rel.dyn        0x08003928        0x0
 .rel.iplt      0x08003928        0x0 C:/ST/STM32CubeIDE_1.15.1/STM32CubeIDE/plugins/com.st.stm32cube.ide.mcu.externaltools.gnu-tools-for-stm32.12.3.rel1.win32_1.0.100.202403111256/tools/bin/../lib/gcc/arm-none-eabi/12.3.1/thumb/v7e-m+fp/hard/crtbegin.o

.preinit_array  0x08003928        0x0
                0x08003928                        . = ALIGN (0x4)
                0x08003928                        PROVIDE (__preinit_array_start = .)
 *(.preinit_array*)
                0x08003928                        PROVIDE (__preinit_array_end = .)
                0x08003928                        . = ALIGN (0x4)

.init_array     0x08003928        0x4
                0x08003928                        . = ALIGN (0x4)
                0x08003928                        PROVIDE (__init_array_start = .)
 *(SORT_BY_NAME(.init_array.*))
 *(.init_array*)
 .init_array    0x08003928        0x4 C:/ST/STM32CubeIDE_1.15.1/STM32CubeIDE/plugins/com.st.stm32cube.ide.mcu.externaltools.gnu-tools-for-stm32.12.3.rel1.win32_1.0.100.202403111256/tools/bin/../lib/gcc/arm-none-eabi/12.3.1/thumb/v7e-m+fp/hard/crtbegin.o
                0x0800392c                        PROVIDE (__init_array_end = .)
                0x0800392c                        . = ALIGN (0x4)

.fini_array     0x0800392c        0x4
                0x0800392c                        . = ALIGN (0x4)
                [!provide]                        PROVIDE (__fini_array_start = .)
 *(SORT_BY_NAME(.fini_array.*))
 *(.fini_array*)
 .fini_array    0x0800392c        0x4 C:/ST/STM32CubeIDE_1.15.1/STM32CubeIDE/plugins/com.st.stm32cube.ide.mcu.externaltools.gnu-tools-for-stm32.12.3.rel1.win32_1.0.100.202403111256/tools/bin/../lib/gcc/arm-none-eabi/12.3.1/thumb/v7e-m+fp/hard/crtbegin.o
                [!provide]                        PROVIDE (__fini_array_end = .)
                0x08003930                        . = ALIGN (0x4)
                0x08003930                        _sidata = LOADADDR (.data)

.data           0x20000000        0xc load address 0x08003930
                0x20000000                        . = ALIGN (0x4)
                0x20000000                        _sdata = .
 *(.data)
 *(.data*)
 .data.SystemCoreClock
                0x20000000        0x4 ./Core/Src/system_stm32l4xx.o
                0x20000000                SystemCoreClock
 .data.uwTickPrio
                0x20000004        0x4 ./Drivers/STM32L4xx_HAL_Driver/Src/stm32l4xx_hal.o
                0x20000004                uwTickPrio
 .data.uwTickFreq
                0x20000008        0x1 ./Drivers/STM32L4xx_HAL_Driver/Src/stm32l4xx_hal.o
                0x20000008                uwTickFreq
 *(.RamFunc)
 *(.RamFunc*)
                0x2000000c                        . = ALIGN (0x4)
 *fill*         0x20000009        0x3 
                0x2000000c                        _edata = .

.igot.plt       0x2000000c        0x0 load address 0x0800393c
 .igot.plt      0x2000000c        0x0 C:/ST/STM32CubeIDE_1.15.1/STM32CubeIDE/plugins/com.st.stm32cube.ide.mcu.externaltools.gnu-tools-for-stm32.12.3.rel1.win32_1.0.100.202403111256/tools/bin/../lib/gcc/arm-none-eabi/12.3.1/thumb/v7e-m+fp/hard/crtbegin.o
                0x2000000c                        . = ALIGN (0x4)

.bss            0x2000000c      0x104 load address 0x0800393c
                0x2000000c                        _sbss = .
                0x2000000c                        __bss_start__ = _sbss
 *(.bss)
 .bss           0x2000000c       0x1c C:/ST/STM32CubeIDE_1.15.1/STM32CubeIDE/plugins/com.st.stm32cube.ide.mcu.externaltools.gnu-tools-for-stm32.12.3.rel1.win32_1.0.100.202403111256/tools/bin/../lib/gcc/arm-none-eabi/12.3.1/thumb/v7e-m+fp/hard/crtbegin.o
 *(.bss*)
 .bss.time1     0x20000028        0x4 ./Core/Src/HC-SR04.o
                0x20000028                time1
 .bss.time2     0x2000002c        0x4 ./Core/Src/HC-SR04.o
                0x2000002c                time2
 .bss.diff      0x20000030        0x4 ./Core/Src/HC-SR04.o
                0x20000030                diff
 .bss.distance  0x20000034        0x4 ./Core/Src/HC-SR04.o
                0x20000034                distance
 .bss.htim7     0x20000038       0x4c ./Core/Src/tim.o
                0x20000038                htim7
 .bss.huart2    0x20000084       0x88 ./Core/Src/usart.o
                0x20000084                huart2
 .bss.uwTick    0x2000010c        0x4 ./Drivers/STM32L4xx_HAL_Driver/Src/stm32l4xx_hal.o
                0x2000010c                uwTick
 *(COMMON)
                0x20000110                        . = ALIGN (0x4)
                0x20000110                        _ebss = .
                0x20000110                        __bss_end__ = _ebss

._user_heap_stack
                0x20000110      0x600 load address 0x0800393c
                0x20000110                        . = ALIGN (0x8)
                [!provide]                        PROVIDE (end = .)
                0x20000110                        PROVIDE (_end = .)
                0x20000310                        . = (. + _Min_Heap_Size)
 *fill*         0x20000110      0x200 
                0x20000710                        . = (. + _Min_Stack_Size)
 *fill*         0x20000310      0x400 
                0x20000710                        . = ALIGN (0x8)

/DISCARD/
 libc.a(*)
 libm.a(*)
 libgcc.a(*)

.ARM.attributes
                0x00000000       0x30
 *(.ARM.attributes)
 .ARM.attributes
                0x00000000       0x22 C:/ST/STM32CubeIDE_1.15.1/STM32CubeIDE/plugins/com.st.stm32cube.ide.mcu.externaltools.gnu-tools-for-stm32.12.3.rel1.win32_1.0.100.202403111256/tools/bin/../lib/gcc/arm-none-eabi/12.3.1/thumb/v7e-m+fp/hard/crti.o
 .ARM.attributes
                0x00000022       0x34 C:/ST/STM32CubeIDE_1.15.1/STM32CubeIDE/plugins/com.st.stm32cube.ide.mcu.externaltools.gnu-tools-for-stm32.12.3.rel1.win32_1.0.100.202403111256/tools/bin/../lib/gcc/arm-none-eabi/12.3.1/thumb/v7e-m+fp/hard/crtbegin.o
 .ARM.attributes
                0x00000056       0x34 ./Core/Src/HC-SR04.o
 .ARM.attributes
                0x0000008a       0x34 ./Core/Src/gpio.o
 .ARM.attributes
                0x000000be       0x34 ./Core/Src/main.o
 .ARM.attributes
                0x000000f2       0x34 ./Core/Src/stm32l4xx_hal_msp.o
 .ARM.attributes
                0x00000126       0x34 ./Core/Src/stm32l4xx_it.o
 .ARM.attributes
                0x0000015a       0x34 ./Core/Src/system_stm32l4xx.o
 .ARM.attributes
                0x0000018e       0x34 ./Core/Src/tim.o
 .ARM.attributes
                0x000001c2       0x34 ./Core/Src/usart.o
 .ARM.attributes
                0x000001f6       0x21 ./Core/Startup/startup_stm32l476rgtx.o
 .ARM.attributes
                0x00000217       0x34 ./Drivers/STM32L4xx_HAL_Driver/Src/stm32l4xx_hal.o
 .ARM.attributes
                0x0000024b       0x34 ./Drivers/STM32L4xx_HAL_Driver/Src/stm32l4xx_hal_cortex.o
 .ARM.attributes
                0x0000027f       0x34 ./Drivers/STM32L4xx_HAL_Driver/Src/stm32l4xx_hal_gpio.o
 .ARM.attributes
                0x000002b3       0x34 ./Drivers/STM32L4xx_HAL_Driver/Src/stm32l4xx_hal_pwr_ex.o
 .ARM.attributes
                0x000002e7       0x34 ./Drivers/STM32L4xx_HAL_Driver/Src/stm32l4xx_hal_rcc.o
 .ARM.attributes
                0x0000031b       0x34 ./Drivers/STM32L4xx_HAL_Driver/Src/stm32l4xx_hal_rcc_ex.o
 .ARM.attributes
                0x0000034f       0x34 ./Drivers/STM32L4xx_HAL_Driver/Src/stm32l4xx_hal_tim.o
 .ARM.attributes
                0x00000383       0x34 ./Drivers/STM32L4xx_HAL_Driver/Src/stm32l4xx_hal_tim_ex.o
 .ARM.attributes
                0x000003b7       0x34 ./Drivers/STM32L4xx_HAL_Driver/Src/stm32l4xx_hal_uart.o
 .ARM.attributes
                0x000003eb       0x34 C:/ST/STM32CubeIDE_1.15.1/STM32CubeIDE/plugins/com.st.stm32cube.ide.mcu.externaltools.gnu-tools-for-stm32.12.3.rel1.win32_1.0.100.202403111256/tools/bin/../lib/gcc/arm-none-eabi/12.3.1/../../../../arm-none-eabi/lib/thumb/v7e-m+fp/hard\libc_nano.a(libc_a-memset.o)
 .ARM.attributes
                0x0000041f       0x34 C:/ST/STM32CubeIDE_1.15.1/STM32CubeIDE/plugins/com.st.stm32cube.ide.mcu.externaltools.gnu-tools-for-stm32.12.3.rel1.win32_1.0.100.202403111256/tools/bin/../lib/gcc/arm-none-eabi/12.3.1/../../../../arm-none-eabi/lib/thumb/v7e-m+fp/hard\libc_nano.a(libc_a-init.o)
 .ARM.attributes
                0x00000453       0x22 C:/ST/STM32CubeIDE_1.15.1/STM32CubeIDE/plugins/com.st.stm32cube.ide.mcu.externaltools.gnu-tools-for-stm32.12.3.rel1.win32_1.0.100.202403111256/tools/bin/../lib/gcc/arm-none-eabi/12.3.1/thumb/v7e-m+fp/hard\libgcc.a(_aeabi_uldivmod.o)
 .ARM.attributes
                0x00000475       0x34 C:/ST/STM32CubeIDE_1.15.1/STM32CubeIDE/plugins/com.st.stm32cube.ide.mcu.externaltools.gnu-tools-for-stm32.12.3.rel1.win32_1.0.100.202403111256/tools/bin/../lib/gcc/arm-none-eabi/12.3.1/thumb/v7e-m+fp/hard\libgcc.a(_udivmoddi4.o)
 .ARM.attributes
                0x000004a9       0x22 C:/ST/STM32CubeIDE_1.15.1/STM32CubeIDE/plugins/com.st.stm32cube.ide.mcu.externaltools.gnu-tools-for-stm32.12.3.rel1.win32_1.0.100.202403111256/tools/bin/../lib/gcc/arm-none-eabi/12.3.1/thumb/v7e-m+fp/hard\libgcc.a(_dvmd_tls.o)
 .ARM.attributes
                0x000004cb       0x22 C:/ST/STM32CubeIDE_1.15.1/STM32CubeIDE/plugins/com.st.stm32cube.ide.mcu.externaltools.gnu-tools-for-stm32.12.3.rel1.win32_1.0.100.202403111256/tools/bin/../lib/gcc/arm-none-eabi/12.3.1/thumb/v7e-m+fp/hard/crtn.o
OUTPUT(Sensor.elf elf32-littlearm)
LOAD linker stubs
LOAD C:/ST/STM32CubeIDE_1.15.1/STM32CubeIDE/plugins/com.st.stm32cube.ide.mcu.externaltools.gnu-tools-for-stm32.12.3.rel1.win32_1.0.100.202403111256/tools/bin/../lib/gcc/arm-none-eabi/12.3.1/../../../../arm-none-eabi/lib/thumb/v7e-m+fp/hard\libc.a
LOAD C:/ST/STM32CubeIDE_1.15.1/STM32CubeIDE/plugins/com.st.stm32cube.ide.mcu.externaltools.gnu-tools-for-stm32.12.3.rel1.win32_1.0.100.202403111256/tools/bin/../lib/gcc/arm-none-eabi/12.3.1/../../../../arm-none-eabi/lib/thumb/v7e-m+fp/hard\libm.a
LOAD C:/ST/STM32CubeIDE_1.15.1/STM32CubeIDE/plugins/com.st.stm32cube.ide.mcu.externaltools.gnu-tools-for-stm32.12.3.rel1.win32_1.0.100.202403111256/tools/bin/../lib/gcc/arm-none-eabi/12.3.1/thumb/v7e-m+fp/hard\libgcc.a

.debug_info     0x00000000     0xffb8
 .debug_info    0x00000000      0x828 ./Core/Src/HC-SR04.o
 .debug_info    0x00000828      0x473 ./Core/Src/gpio.o
 .debug_info    0x00000c9b      0x92c ./Core/Src/main.o
 .debug_info    0x000015c7      0x2b9 ./Core/Src/stm32l4xx_hal_msp.o
 .debug_info    0x00001880      0x708 ./Core/Src/stm32l4xx_it.o
 .debug_info    0x00001f88      0x5b1 ./Core/Src/system_stm32l4xx.o
 .debug_info    0x00002539      0xc24 ./Core/Src/tim.o
 .debug_info    0x0000315d      0xd1b ./Core/Src/usart.o
 .debug_info    0x00003e78       0x30 ./Core/Startup/startup_stm32l476rgtx.o
 .debug_info    0x00003ea8      0xc09 ./Drivers/STM32L4xx_HAL_Driver/Src/stm32l4xx_hal.o
 .debug_info    0x00004ab1      0xd4c ./Drivers/STM32L4xx_HAL_Driver/Src/stm32l4xx_hal_cortex.o
 .debug_info    0x000057fd      0x757 ./Drivers/STM32L4xx_HAL_Driver/Src/stm32l4xx_hal_gpio.o
 .debug_info    0x00005f54      0x99e ./Drivers/STM32L4xx_HAL_Driver/Src/stm32l4xx_hal_pwr_ex.o
 .debug_info    0x000068f2      0xc14 ./Drivers/STM32L4xx_HAL_Driver/Src/stm32l4xx_hal_rcc.o
 .debug_info    0x00007506      0xe11 ./Drivers/STM32L4xx_HAL_Driver/Src/stm32l4xx_hal_rcc_ex.o
 .debug_info    0x00008317     0x2a9a ./Drivers/STM32L4xx_HAL_Driver/Src/stm32l4xx_hal_tim.o
 .debug_info    0x0000adb1     0x169e ./Drivers/STM32L4xx_HAL_Driver/Src/stm32l4xx_hal_tim_ex.o
 .debug_info    0x0000c44f     0x3b69 ./Drivers/STM32L4xx_HAL_Driver/Src/stm32l4xx_hal_uart.o

.debug_abbrev   0x00000000     0x2368
 .debug_abbrev  0x00000000      0x1d0 ./Core/Src/HC-SR04.o
 .debug_abbrev  0x000001d0      0x152 ./Core/Src/gpio.o
 .debug_abbrev  0x00000322      0x259 ./Core/Src/main.o
 .debug_abbrev  0x0000057b       0xc6 ./Core/Src/stm32l4xx_hal_msp.o
 .debug_abbrev  0x00000641      0x193 ./Core/Src/stm32l4xx_it.o
 .debug_abbrev  0x000007d4      0x11a ./Core/Src/system_stm32l4xx.o
 .debug_abbrev  0x000008ee      0x1f7 ./Core/Src/tim.o
 .debug_abbrev  0x00000ae5      0x1f5 ./Core/Src/usart.o
 .debug_abbrev  0x00000cda       0x24 ./Core/Startup/startup_stm32l476rgtx.o
 .debug_abbrev  0x00000cfe      0x243 ./Drivers/STM32L4xx_HAL_Driver/Src/stm32l4xx_hal.o
 .debug_abbrev  0x00000f41      0x327 ./Drivers/STM32L4xx_HAL_Driver/Src/stm32l4xx_hal_cortex.o
 .debug_abbrev  0x00001268      0x1cb ./Drivers/STM32L4xx_HAL_Driver/Src/stm32l4xx_hal_gpio.o
 .debug_abbrev  0x00001433      0x1f9 ./Drivers/STM32L4xx_HAL_Driver/Src/stm32l4xx_hal_pwr_ex.o
 .debug_abbrev  0x0000162c      0x2cb ./Drivers/STM32L4xx_HAL_Driver/Src/stm32l4xx_hal_rcc.o
 .debug_abbrev  0x000018f7      0x2a6 ./Drivers/STM32L4xx_HAL_Driver/Src/stm32l4xx_hal_rcc_ex.o
 .debug_abbrev  0x00001b9d      0x278 ./Drivers/STM32L4xx_HAL_Driver/Src/stm32l4xx_hal_tim.o
 .debug_abbrev  0x00001e15      0x283 ./Drivers/STM32L4xx_HAL_Driver/Src/stm32l4xx_hal_tim_ex.o
 .debug_abbrev  0x00002098      0x2d0 ./Drivers/STM32L4xx_HAL_Driver/Src/stm32l4xx_hal_uart.o

.debug_aranges  0x00000000      0xe90
 .debug_aranges
                0x00000000       0x30 ./Core/Src/HC-SR04.o
 .debug_aranges
                0x00000030       0x20 ./Core/Src/gpio.o
 .debug_aranges
                0x00000050       0x30 ./Core/Src/main.o
 .debug_aranges
                0x00000080       0x20 ./Core/Src/stm32l4xx_hal_msp.o
 .debug_aranges
                0x000000a0       0x68 ./Core/Src/stm32l4xx_it.o
 .debug_aranges
                0x00000108       0x28 ./Core/Src/system_stm32l4xx.o
 .debug_aranges
                0x00000130       0x30 ./Core/Src/tim.o
 .debug_aranges
                0x00000160       0x30 ./Core/Src/usart.o
 .debug_aranges
                0x00000190       0x28 ./Core/Startup/startup_stm32l476rgtx.o
 .debug_aranges
                0x000001b8      0x130 ./Drivers/STM32L4xx_HAL_Driver/Src/stm32l4xx_hal.o
 .debug_aranges
                0x000002e8      0x118 ./Drivers/STM32L4xx_HAL_Driver/Src/stm32l4xx_hal_cortex.o
 .debug_aranges
                0x00000400       0x58 ./Drivers/STM32L4xx_HAL_Driver/Src/stm32l4xx_hal_gpio.o
 .debug_aranges
                0x00000458      0x160 ./Drivers/STM32L4xx_HAL_Driver/Src/stm32l4xx_hal_pwr_ex.o
 .debug_aranges
                0x000005b8       0x90 ./Drivers/STM32L4xx_HAL_Driver/Src/stm32l4xx_hal_rcc.o
 .debug_aranges
                0x00000648       0xc0 ./Drivers/STM32L4xx_HAL_Driver/Src/stm32l4xx_hal_rcc_ex.o
 .debug_aranges
                0x00000708      0x3e0 ./Drivers/STM32L4xx_HAL_Driver/Src/stm32l4xx_hal_tim.o
 .debug_aranges
                0x00000ae8      0x180 ./Drivers/STM32L4xx_HAL_Driver/Src/stm32l4xx_hal_tim_ex.o
 .debug_aranges
                0x00000c68      0x228 ./Drivers/STM32L4xx_HAL_Driver/Src/stm32l4xx_hal_uart.o

.debug_rnglists
                0x00000000      0xb55
 .debug_rnglists
                0x00000000       0x20 ./Core/Src/HC-SR04.o
 .debug_rnglists
                0x00000020       0x14 ./Core/Src/gpio.o
 .debug_rnglists
                0x00000034       0x20 ./Core/Src/main.o
 .debug_rnglists
                0x00000054       0x13 ./Core/Src/stm32l4xx_hal_msp.o
 .debug_rnglists
                0x00000067       0x49 ./Core/Src/stm32l4xx_it.o
 .debug_rnglists
                0x000000b0       0x1a ./Core/Src/system_stm32l4xx.o
 .debug_rnglists
                0x000000ca       0x1f ./Core/Src/tim.o
 .debug_rnglists
                0x000000e9       0x20 ./Core/Src/usart.o
 .debug_rnglists
                0x00000109       0x19 ./Core/Startup/startup_stm32l476rgtx.o
 .debug_rnglists
                0x00000122       0xdf ./Drivers/STM32L4xx_HAL_Driver/Src/stm32l4xx_hal.o
 .debug_rnglists
                0x00000201       0xce ./Drivers/STM32L4xx_HAL_Driver/Src/stm32l4xx_hal_cortex.o
 .debug_rnglists
                0x000002cf       0x3f ./Drivers/STM32L4xx_HAL_Driver/Src/stm32l4xx_hal_gpio.o
 .debug_rnglists
                0x0000030e      0x109 ./Drivers/STM32L4xx_HAL_Driver/Src/stm32l4xx_hal_pwr_ex.o
 .debug_rnglists
                0x00000417       0x6d ./Drivers/STM32L4xx_HAL_Driver/Src/stm32l4xx_hal_rcc.o
 .debug_rnglists
                0x00000484       0x95 ./Drivers/STM32L4xx_HAL_Driver/Src/stm32l4xx_hal_rcc_ex.o
 .debug_rnglists
                0x00000519      0x328 ./Drivers/STM32L4xx_HAL_Driver/Src/stm32l4xx_hal_tim.o
 .debug_rnglists
                0x00000841      0x139 ./Drivers/STM32L4xx_HAL_Driver/Src/stm32l4xx_hal_tim_ex.o
 .debug_rnglists
                0x0000097a      0x1db ./Drivers/STM32L4xx_HAL_Driver/Src/stm32l4xx_hal_uart.o

.debug_macro    0x00000000    0x264c5
 .debug_macro   0x00000000      0x1e7 ./Core/Src/HC-SR04.o
 .debug_macro   0x000001e7      0xab4 ./Core/Src/HC-SR04.o
 .debug_macro   0x00000c9b      0x1a7 ./Core/Src/HC-SR04.o
 .debug_macro   0x00000e42       0x2e ./Core/Src/HC-SR04.o
 .debug_macro   0x00000e70       0x28 ./Core/Src/HC-SR04.o
 .debug_macro   0x00000e98       0x22 ./Core/Src/HC-SR04.o
 .debug_macro   0x00000eba       0x8e ./Core/Src/HC-SR04.o
 .debug_macro   0x00000f48       0x51 ./Core/Src/HC-SR04.o
 .debug_macro   0x00000f99      0x103 ./Core/Src/HC-SR04.o
 .debug_macro   0x0000109c       0x6a ./Core/Src/HC-SR04.o
 .debug_macro   0x00001106      0x1df ./Core/Src/HC-SR04.o
 .debug_macro   0x000012e5       0x1c ./Core/Src/HC-SR04.o
 .debug_macro   0x00001301       0x22 ./Core/Src/HC-SR04.o
 .debug_macro   0x00001323       0xfb ./Core/Src/HC-SR04.o
 .debug_macro   0x0000141e     0x1011 ./Core/Src/HC-SR04.o
 .debug_macro   0x0000242f      0x11f ./Core/Src/HC-SR04.o
 .debug_macro   0x0000254e    0x1a17a ./Core/Src/HC-SR04.o
 .debug_macro   0x0001c6c8       0x6d ./Core/Src/HC-SR04.o
 .debug_macro   0x0001c735     0x38e6 ./Core/Src/HC-SR04.o
 .debug_macro   0x0002001b      0x189 ./Core/Src/HC-SR04.o
 .debug_macro   0x000201a4       0x5c ./Core/Src/HC-SR04.o
 .debug_macro   0x00020200     0x159e ./Core/Src/HC-SR04.o
 .debug_macro   0x0002179e      0x5a5 ./Core/Src/HC-SR04.o
 .debug_macro   0x00021d43      0x1b9 ./Core/Src/HC-SR04.o
 .debug_macro   0x00021efc      0x18b ./Core/Src/HC-SR04.o
 .debug_macro   0x00022087      0x26b ./Core/Src/HC-SR04.o
 .debug_macro   0x000222f2      0x23d ./Core/Src/HC-SR04.o
 .debug_macro   0x0002252f      0x241 ./Core/Src/HC-SR04.o
 .debug_macro   0x00022770      0x37c ./Core/Src/HC-SR04.o
 .debug_macro   0x00022aec       0xd6 ./Core/Src/HC-SR04.o
 .debug_macro   0x00022bc2      0x122 ./Core/Src/HC-SR04.o
 .debug_macro   0x00022ce4      0x3ef ./Core/Src/HC-SR04.o
 .debug_macro   0x000230d3      0xa98 ./Core/Src/HC-SR04.o
 .debug_macro   0x00023b6b      0x1e6 ./Core/Src/HC-SR04.o
 .debug_macro   0x00023d51      0x5cf ./Core/Src/HC-SR04.o
 .debug_macro   0x00024320       0x44 ./Core/Src/HC-SR04.o
 .debug_macro   0x00024364      0x330 ./Core/Src/HC-SR04.o
 .debug_macro   0x00024694       0x70 ./Core/Src/HC-SR04.o
 .debug_macro   0x00024704      0x1d9 ./Core/Src/gpio.o
 .debug_macro   0x000248dd      0x1f1 ./Core/Src/main.o
 .debug_macro   0x00024ace      0x1cf ./Core/Src/stm32l4xx_hal_msp.o
 .debug_macro   0x00024c9d      0x1d9 ./Core/Src/stm32l4xx_it.o
 .debug_macro   0x00024e76      0x1c0 ./Core/Src/system_stm32l4xx.o
 .debug_macro   0x00025036      0x1d9 ./Core/Src/tim.o
 .debug_macro   0x0002520f      0x1d9 ./Core/Src/usart.o
 .debug_macro   0x000253e8      0x20e ./Drivers/STM32L4xx_HAL_Driver/Src/stm32l4xx_hal.o
 .debug_macro   0x000255f6      0x1c0 ./Drivers/STM32L4xx_HAL_Driver/Src/stm32l4xx_hal_cortex.o
 .debug_macro   0x000257b6      0x1c7 ./Drivers/STM32L4xx_HAL_Driver/Src/stm32l4xx_hal_gpio.o
 .debug_macro   0x0002597d      0x1e4 ./Drivers/STM32L4xx_HAL_Driver/Src/stm32l4xx_hal_pwr_ex.o
 .debug_macro   0x00025b61      0x202 ./Drivers/STM32L4xx_HAL_Driver/Src/stm32l4xx_hal_rcc.o
 .debug_macro   0x00025d63      0x1f6 ./Drivers/STM32L4xx_HAL_Driver/Src/stm32l4xx_hal_rcc_ex.o
 .debug_macro   0x00025f59      0x1c1 ./Drivers/STM32L4xx_HAL_Driver/Src/stm32l4xx_hal_tim.o
 .debug_macro   0x0002611a      0x1c0 ./Drivers/STM32L4xx_HAL_Driver/Src/stm32l4xx_hal_tim_ex.o
 .debug_macro   0x000262da      0x1eb ./Drivers/STM32L4xx_HAL_Driver/Src/stm32l4xx_hal_uart.o

.debug_line     0x00000000    0x12165
 .debug_line    0x00000000      0x7cc ./Core/Src/HC-SR04.o
 .debug_line    0x000007cc      0x773 ./Core/Src/gpio.o
 .debug_line    0x00000f3f      0x7f5 ./Core/Src/main.o
 .debug_line    0x00001734      0x750 ./Core/Src/stm32l4xx_hal_msp.o
 .debug_line    0x00001e84      0x82a ./Core/Src/stm32l4xx_it.o
 .debug_line    0x000026ae      0x7ea ./Core/Src/system_stm32l4xx.o
 .debug_line    0x00002e98      0x7aa ./Core/Src/tim.o
 .debug_line    0x00003642      0x7d1 ./Core/Src/usart.o
 .debug_line    0x00003e13       0x7a ./Core/Startup/startup_stm32l476rgtx.o
 .debug_line    0x00003e8d      0xb46 ./Drivers/STM32L4xx_HAL_Driver/Src/stm32l4xx_hal.o
 .debug_line    0x000049d3      0xce4 ./Drivers/STM32L4xx_HAL_Driver/Src/stm32l4xx_hal_cortex.o
 .debug_line    0x000056b7      0xbd1 ./Drivers/STM32L4xx_HAL_Driver/Src/stm32l4xx_hal_gpio.o
 .debug_line    0x00006288      0xd37 ./Drivers/STM32L4xx_HAL_Driver/Src/stm32l4xx_hal_pwr_ex.o
 .debug_line    0x00006fbf      0xfbc ./Drivers/STM32L4xx_HAL_Driver/Src/stm32l4xx_hal_rcc.o
 .debug_line    0x00007f7b     0x1530 ./Drivers/STM32L4xx_HAL_Driver/Src/stm32l4xx_hal_rcc_ex.o
 .debug_line    0x000094ab     0x3e3d ./Drivers/STM32L4xx_HAL_Driver/Src/stm32l4xx_hal_tim.o
 .debug_line    0x0000d2e8     0x1c4e ./Drivers/STM32L4xx_HAL_Driver/Src/stm32l4xx_hal_tim_ex.o
 .debug_line    0x0000ef36     0x322f ./Drivers/STM32L4xx_HAL_Driver/Src/stm32l4xx_hal_uart.o

.debug_str      0x00000000    0xee8b4
 .debug_str     0x00000000    0xea429 ./Core/Src/HC-SR04.o
                              0xea77f (size before relaxing)
 .debug_str     0x000ea429      0x1af ./Core/Src/gpio.o
                              0xea3ac (size before relaxing)
 .debug_str     0x000ea5d8      0x25d ./Core/Src/main.o
                              0xea8fe (size before relaxing)
 .debug_str     0x000ea835       0x2c ./Core/Src/stm32l4xx_hal_msp.o
                              0xea2dc (size before relaxing)
 .debug_str     0x000ea861       0xec ./Core/Src/stm32l4xx_it.o
                              0xea750 (size before relaxing)
 .debug_str     0x000ea94d       0xfc ./Core/Src/system_stm32l4xx.o
                              0xea225 (size before relaxing)
 .debug_str     0x000eaa49      0x569 ./Core/Src/tim.o
                              0xeae1d (size before relaxing)
 .debug_str     0x000eafb2      0x4ed ./Core/Src/usart.o
                              0xeaad6 (size before relaxing)
 .debug_str     0x000eb49f       0x44 ./Core/Startup/startup_stm32l476rgtx.o
                                 0x7c (size before relaxing)
 .debug_str     0x000eb4e3      0x6a7 ./Drivers/STM32L4xx_HAL_Driver/Src/stm32l4xx_hal.o
                              0xeae24 (size before relaxing)
 .debug_str     0x000ebb8a      0x31d ./Drivers/STM32L4xx_HAL_Driver/Src/stm32l4xx_hal_cortex.o
                              0xeaa6c (size before relaxing)
 .debug_str     0x000ebea7      0x112 ./Drivers/STM32L4xx_HAL_Driver/Src/stm32l4xx_hal_gpio.o
                              0xea39e (size before relaxing)
 .debug_str     0x000ebfb9      0x4e3 ./Drivers/STM32L4xx_HAL_Driver/Src/stm32l4xx_hal_pwr_ex.o
                              0xea780 (size before relaxing)
 .debug_str     0x000ec49c      0x345 ./Drivers/STM32L4xx_HAL_Driver/Src/stm32l4xx_hal_rcc.o
                              0xea86b (size before relaxing)
 .debug_str     0x000ec7e1      0x3bf ./Drivers/STM32L4xx_HAL_Driver/Src/stm32l4xx_hal_rcc_ex.o
                              0xea9e4 (size before relaxing)
 .debug_str     0x000ecba0      0xeb0 ./Drivers/STM32L4xx_HAL_Driver/Src/stm32l4xx_hal_tim.o
                              0xeb565 (size before relaxing)
 .debug_str     0x000eda50      0x588 ./Drivers/STM32L4xx_HAL_Driver/Src/stm32l4xx_hal_tim_ex.o
                              0xeae79 (size before relaxing)
 .debug_str     0x000edfd8      0x8dc ./Drivers/STM32L4xx_HAL_Driver/Src/stm32l4xx_hal_uart.o
                              0xeaf7d (size before relaxing)

.comment        0x00000000       0x43
 .comment       0x00000000       0x43 ./Core/Src/HC-SR04.o
                                 0x44 (size before relaxing)
 .comment       0x00000043       0x44 ./Core/Src/gpio.o
 .comment       0x00000043       0x44 ./Core/Src/main.o
 .comment       0x00000043       0x44 ./Core/Src/stm32l4xx_hal_msp.o
 .comment       0x00000043       0x44 ./Core/Src/stm32l4xx_it.o
 .comment       0x00000043       0x44 ./Core/Src/system_stm32l4xx.o
 .comment       0x00000043       0x44 ./Core/Src/tim.o
 .comment       0x00000043       0x44 ./Core/Src/usart.o
 .comment       0x00000043       0x44 ./Drivers/STM32L4xx_HAL_Driver/Src/stm32l4xx_hal.o
 .comment       0x00000043       0x44 ./Drivers/STM32L4xx_HAL_Driver/Src/stm32l4xx_hal_cortex.o
 .comment       0x00000043       0x44 ./Drivers/STM32L4xx_HAL_Driver/Src/stm32l4xx_hal_gpio.o
 .comment       0x00000043       0x44 ./Drivers/STM32L4xx_HAL_Driver/Src/stm32l4xx_hal_pwr_ex.o
 .comment       0x00000043       0x44 ./Drivers/STM32L4xx_HAL_Driver/Src/stm32l4xx_hal_rcc.o
 .comment       0x00000043       0x44 ./Drivers/STM32L4xx_HAL_Driver/Src/stm32l4xx_hal_rcc_ex.o
 .comment       0x00000043       0x44 ./Drivers/STM32L4xx_HAL_Driver/Src/stm32l4xx_hal_tim.o
 .comment       0x00000043       0x44 ./Drivers/STM32L4xx_HAL_Driver/Src/stm32l4xx_hal_tim_ex.o
 .comment       0x00000043       0x44 ./Drivers/STM32L4xx_HAL_Driver/Src/stm32l4xx_hal_uart.o

.debug_frame    0x00000000     0x3c30
 .debug_frame   0x00000000       0x70 ./Core/Src/HC-SR04.o
 .debug_frame   0x00000070       0x34 ./Core/Src/gpio.o
 .debug_frame   0x000000a4       0x68 ./Core/Src/main.o
 .debug_frame   0x0000010c       0x38 ./Core/Src/stm32l4xx_hal_msp.o
 .debug_frame   0x00000144      0x120 ./Core/Src/stm32l4xx_it.o
 .debug_frame   0x00000264       0x58 ./Core/Src/system_stm32l4xx.o
 .debug_frame   0x000002bc       0x7c ./Core/Src/tim.o
 .debug_frame   0x00000338       0x78 ./Core/Src/usart.o
 .debug_frame   0x000003b0      0x498 ./Drivers/STM32L4xx_HAL_Driver/Src/stm32l4xx_hal.o
 .debug_frame   0x00000848      0x498 ./Drivers/STM32L4xx_HAL_Driver/Src/stm32l4xx_hal_cortex.o
 .debug_frame   0x00000ce0      0x14c ./Drivers/STM32L4xx_HAL_Driver/Src/stm32l4xx_hal_gpio.o
 .debug_frame   0x00000e2c      0x584 ./Drivers/STM32L4xx_HAL_Driver/Src/stm32l4xx_hal_pwr_ex.o
 .debug_frame   0x000013b0      0x21c ./Drivers/STM32L4xx_HAL_Driver/Src/stm32l4xx_hal_rcc.o
 .debug_frame   0x000015cc      0x2fc ./Drivers/STM32L4xx_HAL_Driver/Src/stm32l4xx_hal_rcc_ex.o
 .debug_frame   0x000018c8     0x1218 ./Drivers/STM32L4xx_HAL_Driver/Src/stm32l4xx_hal_tim.o
 .debug_frame   0x00002ae0      0x6b0 ./Drivers/STM32L4xx_HAL_Driver/Src/stm32l4xx_hal_tim_ex.o
 .debug_frame   0x00003190      0x9f4 ./Drivers/STM32L4xx_HAL_Driver/Src/stm32l4xx_hal_uart.o
 .debug_frame   0x00003b84       0x20 C:/ST/STM32CubeIDE_1.15.1/STM32CubeIDE/plugins/com.st.stm32cube.ide.mcu.externaltools.gnu-tools-for-stm32.12.3.rel1.win32_1.0.100.202403111256/tools/bin/../lib/gcc/arm-none-eabi/12.3.1/../../../../arm-none-eabi/lib/thumb/v7e-m+fp/hard\libc_nano.a(libc_a-memset.o)
 .debug_frame   0x00003ba4       0x2c C:/ST/STM32CubeIDE_1.15.1/STM32CubeIDE/plugins/com.st.stm32cube.ide.mcu.externaltools.gnu-tools-for-stm32.12.3.rel1.win32_1.0.100.202403111256/tools/bin/../lib/gcc/arm-none-eabi/12.3.1/../../../../arm-none-eabi/lib/thumb/v7e-m+fp/hard\libc_nano.a(libc_a-init.o)
 .debug_frame   0x00003bd0       0x2c C:/ST/STM32CubeIDE_1.15.1/STM32CubeIDE/plugins/com.st.stm32cube.ide.mcu.externaltools.gnu-tools-for-stm32.12.3.rel1.win32_1.0.100.202403111256/tools/bin/../lib/gcc/arm-none-eabi/12.3.1/thumb/v7e-m+fp/hard\libgcc.a(_aeabi_uldivmod.o)
 .debug_frame   0x00003bfc       0x34 C:/ST/STM32CubeIDE_1.15.1/STM32CubeIDE/plugins/com.st.stm32cube.ide.mcu.externaltools.gnu-tools-for-stm32.12.3.rel1.win32_1.0.100.202403111256/tools/bin/../lib/gcc/arm-none-eabi/12.3.1/thumb/v7e-m+fp/hard\libgcc.a(_udivmoddi4.o)

.debug_line_str
                0x00000000       0x60
 .debug_line_str
                0x00000000       0x60 ./Core/Startup/startup_stm32l476rgtx.o
